<!doctype html public "-//w3c//dtd html 4.0 transitional//en">
<html><head>
<title>Static Call Graph - [.\output\exe\adc_sgl_sw.axf]</title></head>
<body><HR>
<H1>Static Call Graph for image .\output\exe\adc_sgl_sw.axf</H1><HR>
<BR><P>#&#060CALLGRAPH&#062# ARM Linker, 5060960: Last Updated: Tue Jul 01 23:20:49 2025
<BR><P>
<H3>Maximum Stack Usage =        224 bytes + Unknown(Untraceable Function Pointers)</H3><H3>
Call chain for Maximum Stack Depth:</H3>
main &rArr; DebugUART_Configuration &rArr; UART_Init &rArr; __aeabi_dadd &rArr; _double_epilogue &rArr; __aeabi_llsr
<P>
<H3>
Function Pointers
</H3><UL>
 <LI><a href="#[d]">ADC_IRQHandler</a> from interrupts_cw32l010.o(i.ADC_IRQHandler) referenced from startup_cw32l010.o(RESET)
 <LI><a href="#[e]">ATIM_IRQHandler</a> from interrupts_cw32l010.o(i.ATIM_IRQHandler) referenced from startup_cw32l010.o(RESET)
 <LI><a href="#[13]">BTIM1_IRQHandler</a> from interrupts_cw32l010.o(i.BTIM1_IRQHandler) referenced from startup_cw32l010.o(RESET)
 <LI><a href="#[14]">BTIM2_IRQHandler</a> from interrupts_cw32l010.o(i.BTIM2_IRQHandler) referenced from startup_cw32l010.o(RESET)
 <LI><a href="#[15]">BTIM3_IRQHandler</a> from interrupts_cw32l010.o(i.BTIM3_IRQHandler) referenced from startup_cw32l010.o(RESET)
 <LI><a href="#[1a]">CLKFAULT_IRQHandler</a> from interrupts_cw32l010.o(i.CLKFAULT_IRQHandler) referenced from startup_cw32l010.o(RESET)
 <LI><a href="#[9]">FLASHRAM_IRQHandler</a> from interrupts_cw32l010.o(i.FLASHRAM_IRQHandler) referenced from startup_cw32l010.o(RESET)
 <LI><a href="#[b]">GPIOA_IRQHandler</a> from interrupts_cw32l010.o(i.GPIOA_IRQHandler) referenced from startup_cw32l010.o(RESET)
 <LI><a href="#[c]">GPIOB_IRQHandler</a> from interrupts_cw32l010.o(i.GPIOB_IRQHandler) referenced from startup_cw32l010.o(RESET)
 <LI><a href="#[11]">GTIM1_IRQHandler</a> from interrupts_cw32l010.o(i.GTIM1_IRQHandler) referenced from startup_cw32l010.o(RESET)
 <LI><a href="#[2]">HardFault_Handler</a> from interrupts_cw32l010.o(i.HardFault_Handler) referenced from startup_cw32l010.o(RESET)
 <LI><a href="#[16]">I2C1_IRQHandler</a> from interrupts_cw32l010.o(i.I2C1_IRQHandler) referenced from startup_cw32l010.o(RESET)
 <LI><a href="#[12]">LPTIM_IRQHandler</a> from interrupts_cw32l010.o(i.LPTIM_IRQHandler) referenced from startup_cw32l010.o(RESET)
 <LI><a href="#[7]">LVD_IRQHandler</a> from interrupts_cw32l010.o(i.LVD_IRQHandler) referenced from startup_cw32l010.o(RESET)
 <LI><a href="#[1]">NMI_Handler</a> from interrupts_cw32l010.o(i.NMI_Handler) referenced from startup_cw32l010.o(RESET)
 <LI><a href="#[4]">PendSV_Handler</a> from interrupts_cw32l010.o(i.PendSV_Handler) referenced from startup_cw32l010.o(RESET)
 <LI><a href="#[8]">RTC_IRQHandler</a> from interrupts_cw32l010.o(i.RTC_IRQHandler) referenced from startup_cw32l010.o(RESET)
 <LI><a href="#[0]">Reset_Handler</a> from startup_cw32l010.o(.text) referenced from startup_cw32l010.o(RESET)
 <LI><a href="#[17]">SPI1_IRQHandler</a> from interrupts_cw32l010.o(i.SPI1_IRQHandler) referenced from startup_cw32l010.o(RESET)
 <LI><a href="#[3]">SVC_Handler</a> from interrupts_cw32l010.o(i.SVC_Handler) referenced from startup_cw32l010.o(RESET)
 <LI><a href="#[a]">SYSCTRL_IRQHandler</a> from interrupts_cw32l010.o(i.SYSCTRL_IRQHandler) referenced from startup_cw32l010.o(RESET)
 <LI><a href="#[5]">SysTick_Handler</a> from cw32l010_systick.o(i.SysTick_Handler) referenced from startup_cw32l010.o(RESET)
 <LI><a href="#[1c]">SystemInit</a> from system_cw32l010.o(i.SystemInit) referenced from startup_cw32l010.o(.text)
 <LI><a href="#[18]">UART1_IRQHandler</a> from interrupts_cw32l010.o(i.UART1_IRQHandler) referenced from startup_cw32l010.o(RESET)
 <LI><a href="#[19]">UART2_IRQHandler</a> from interrupts_cw32l010.o(i.UART2_IRQHandler) referenced from startup_cw32l010.o(RESET)
 <LI><a href="#[f]">VC1_IRQHandler</a> from interrupts_cw32l010.o(i.VC1_IRQHandler) referenced from startup_cw32l010.o(RESET)
 <LI><a href="#[10]">VC2_IRQHandler</a> from interrupts_cw32l010.o(i.VC2_IRQHandler) referenced from startup_cw32l010.o(RESET)
 <LI><a href="#[6]">WDT_IRQHandler</a> from interrupts_cw32l010.o(i.WDT_IRQHandler) referenced from startup_cw32l010.o(RESET)
 <LI><a href="#[1d]">__main</a> from entry.o(.ARM.Collect$$$$00000000) referenced from startup_cw32l010.o(.text)
 <LI><a href="#[1e]">fputc</a> from main.o(i.fputc) referenced from printf2.o(i.__0printf$2)
 <LI><a href="#[1b]">main</a> from main.o(i.main) referenced from entry9a.o(.ARM.Collect$$$$0000000B)
</UL>
<P>
<H3>
Global Symbols
</H3>
<P><STRONG><a name="[1d]"></a>__main</STRONG> (Thumb, 0 bytes, Stack size unknown bytes, entry.o(.ARM.Collect$$$$00000000))
<BR>[Address Reference Count : 1]<UL><LI> startup_cw32l010.o(.text)
</UL>
<P><STRONG><a name="[71]"></a>_main_stk</STRONG> (Thumb, 0 bytes, Stack size unknown bytes, entry2.o(.ARM.Collect$$$$00000001))

<P><STRONG><a name="[20]"></a>_main_scatterload</STRONG> (Thumb, 0 bytes, Stack size unknown bytes, entry5.o(.ARM.Collect$$$$00000004))
<BR><BR>[Calls]<UL><LI><a href="#[21]">&gt;&gt;</a>&nbsp;&nbsp;&nbsp;__scatterload
</UL>

<P><STRONG><a name="[38]"></a>__main_after_scatterload</STRONG> (Thumb, 0 bytes, Stack size unknown bytes, entry5.o(.ARM.Collect$$$$00000004))
<BR><BR>[Called By]<UL><LI><a href="#[21]">&gt;&gt;</a>&nbsp;&nbsp;&nbsp;__scatterload
</UL>

<P><STRONG><a name="[72]"></a>_main_clock</STRONG> (Thumb, 0 bytes, Stack size unknown bytes, entry7b.o(.ARM.Collect$$$$00000008))

<P><STRONG><a name="[73]"></a>_main_cpp_init</STRONG> (Thumb, 0 bytes, Stack size unknown bytes, entry8b.o(.ARM.Collect$$$$0000000A))

<P><STRONG><a name="[74]"></a>_main_init</STRONG> (Thumb, 0 bytes, Stack size unknown bytes, entry9a.o(.ARM.Collect$$$$0000000B))

<P><STRONG><a name="[22]"></a>__rt_lib_shutdown_fini</STRONG> (Thumb, 0 bytes, Stack size unknown bytes, entry12b.o(.ARM.Collect$$$$0000000E))
<BR><BR>[Calls]<UL><LI><a href="#[23]">&gt;&gt;</a>&nbsp;&nbsp;&nbsp;__arm_fini_ (Weak Reference)
</UL>

<P><STRONG><a name="[75]"></a>__rt_final_cpp</STRONG> (Thumb, 0 bytes, Stack size unknown bytes, entry10a.o(.ARM.Collect$$$$0000000F))

<P><STRONG><a name="[76]"></a>__rt_final_exit</STRONG> (Thumb, 0 bytes, Stack size unknown bytes, entry11a.o(.ARM.Collect$$$$00000011))

<P><STRONG><a name="[0]"></a>Reset_Handler</STRONG> (Thumb, 14 bytes, Stack size 0 bytes, startup_cw32l010.o(.text))
<BR>[Address Reference Count : 1]<UL><LI> startup_cw32l010.o(RESET)
</UL>
<P><STRONG><a name="[77]"></a>__aeabi_uidiv</STRONG> (Thumb, 0 bytes, Stack size 12 bytes, uidiv.o(.text), UNUSED)

<P><STRONG><a name="[47]"></a>__aeabi_uidivmod</STRONG> (Thumb, 44 bytes, Stack size 12 bytes, uidiv.o(.text))
<BR><BR>[Stack]<UL><LI>Max Depth = 12<LI>Call Chain = __aeabi_uidivmod
</UL>
<BR>[Called By]<UL><LI><a href="#[46]">&gt;&gt;</a>&nbsp;&nbsp;&nbsp;InitTick
</UL>

<P><STRONG><a name="[25]"></a>__aeabi_memset</STRONG> (Thumb, 14 bytes, Stack size 0 bytes, memseta.o(.text), UNUSED)
<BR><BR>[Called By]<UL><LI><a href="#[26]">&gt;&gt;</a>&nbsp;&nbsp;&nbsp;_memset$wrapper
<LI><a href="#[24]">&gt;&gt;</a>&nbsp;&nbsp;&nbsp;__aeabi_memclr
</UL>

<P><STRONG><a name="[78]"></a>__aeabi_memset4</STRONG> (Thumb, 0 bytes, Stack size 0 bytes, memseta.o(.text), UNUSED)

<P><STRONG><a name="[79]"></a>__aeabi_memset8</STRONG> (Thumb, 0 bytes, Stack size 0 bytes, memseta.o(.text), UNUSED)

<P><STRONG><a name="[24]"></a>__aeabi_memclr</STRONG> (Thumb, 4 bytes, Stack size 0 bytes, memseta.o(.text), UNUSED)
<BR><BR>[Calls]<UL><LI><a href="#[25]">&gt;&gt;</a>&nbsp;&nbsp;&nbsp;__aeabi_memset
</UL>

<P><STRONG><a name="[3f]"></a>__aeabi_memclr4</STRONG> (Thumb, 0 bytes, Stack size 0 bytes, memseta.o(.text))
<BR><BR>[Called By]<UL><LI><a href="#[44]">&gt;&gt;</a>&nbsp;&nbsp;&nbsp;IWDT_SetPeriod
<LI><a href="#[62]">&gt;&gt;</a>&nbsp;&nbsp;&nbsp;UART1_Configuration
<LI><a href="#[3e]">&gt;&gt;</a>&nbsp;&nbsp;&nbsp;DebugUART_Configuration
</UL>

<P><STRONG><a name="[7a]"></a>__aeabi_memclr8</STRONG> (Thumb, 0 bytes, Stack size 0 bytes, memseta.o(.text), UNUSED)

<P><STRONG><a name="[26]"></a>_memset$wrapper</STRONG> (Thumb, 18 bytes, Stack size 8 bytes, memseta.o(.text), UNUSED)
<BR><BR>[Calls]<UL><LI><a href="#[25]">&gt;&gt;</a>&nbsp;&nbsp;&nbsp;__aeabi_memset
</UL>

<P><STRONG><a name="[27]"></a>__aeabi_fadd</STRONG> (Thumb, 162 bytes, Stack size 24 bytes, fadd.o(.text))
<BR><BR>[Stack]<UL><LI>Max Depth = 36<LI>Call Chain = __aeabi_fadd &rArr; _float_epilogue
</UL>
<BR>[Calls]<UL><LI><a href="#[29]">&gt;&gt;</a>&nbsp;&nbsp;&nbsp;_float_round
<LI><a href="#[28]">&gt;&gt;</a>&nbsp;&nbsp;&nbsp;_float_epilogue
</UL>
<BR>[Called By]<UL><LI><a href="#[2b]">&gt;&gt;</a>&nbsp;&nbsp;&nbsp;__aeabi_frsub
<LI><a href="#[2a]">&gt;&gt;</a>&nbsp;&nbsp;&nbsp;__aeabi_fsub
</UL>

<P><STRONG><a name="[2a]"></a>__aeabi_fsub</STRONG> (Thumb, 8 bytes, Stack size 0 bytes, fadd.o(.text), UNUSED)
<BR><BR>[Calls]<UL><LI><a href="#[27]">&gt;&gt;</a>&nbsp;&nbsp;&nbsp;__aeabi_fadd
</UL>

<P><STRONG><a name="[2b]"></a>__aeabi_frsub</STRONG> (Thumb, 8 bytes, Stack size 0 bytes, fadd.o(.text))
<BR><BR>[Stack]<UL><LI>Max Depth = 36<LI>Call Chain = __aeabi_frsub &rArr; __aeabi_fadd &rArr; _float_epilogue
</UL>
<BR>[Calls]<UL><LI><a href="#[27]">&gt;&gt;</a>&nbsp;&nbsp;&nbsp;__aeabi_fadd
</UL>
<BR>[Called By]<UL><LI><a href="#[41]">&gt;&gt;</a>&nbsp;&nbsp;&nbsp;UART_Init
</UL>

<P><STRONG><a name="[67]"></a>__aeabi_fmul</STRONG> (Thumb, 122 bytes, Stack size 16 bytes, fmul.o(.text))
<BR><BR>[Stack]<UL><LI>Max Depth = 16<LI>Call Chain = __aeabi_fmul
</UL>
<BR>[Called By]<UL><LI><a href="#[41]">&gt;&gt;</a>&nbsp;&nbsp;&nbsp;UART_Init
</UL>

<P><STRONG><a name="[2c]"></a>__aeabi_fdiv</STRONG> (Thumb, 124 bytes, Stack size 16 bytes, fdiv.o(.text))
<BR><BR>[Stack]<UL><LI>Max Depth = 16<LI>Call Chain = __aeabi_fdiv
</UL>
<BR>[Calls]<UL><LI><a href="#[29]">&gt;&gt;</a>&nbsp;&nbsp;&nbsp;_float_round
</UL>
<BR>[Called By]<UL><LI><a href="#[41]">&gt;&gt;</a>&nbsp;&nbsp;&nbsp;UART_Init
</UL>

<P><STRONG><a name="[2d]"></a>__aeabi_dadd</STRONG> (Thumb, 330 bytes, Stack size 48 bytes, dadd.o(.text))
<BR><BR>[Stack]<UL><LI>Max Depth = 104<LI>Call Chain = __aeabi_dadd &rArr; _double_epilogue &rArr; __aeabi_llsr
</UL>
<BR>[Calls]<UL><LI><a href="#[2f]">&gt;&gt;</a>&nbsp;&nbsp;&nbsp;__aeabi_lasr
<LI><a href="#[2e]">&gt;&gt;</a>&nbsp;&nbsp;&nbsp;__aeabi_llsl
<LI><a href="#[31]">&gt;&gt;</a>&nbsp;&nbsp;&nbsp;_double_round
<LI><a href="#[30]">&gt;&gt;</a>&nbsp;&nbsp;&nbsp;_double_epilogue
</UL>
<BR>[Called By]<UL><LI><a href="#[32]">&gt;&gt;</a>&nbsp;&nbsp;&nbsp;__aeabi_dsub
<LI><a href="#[41]">&gt;&gt;</a>&nbsp;&nbsp;&nbsp;UART_Init
<LI><a href="#[33]">&gt;&gt;</a>&nbsp;&nbsp;&nbsp;__aeabi_drsub
</UL>

<P><STRONG><a name="[32]"></a>__aeabi_dsub</STRONG> (Thumb, 12 bytes, Stack size 8 bytes, dadd.o(.text), UNUSED)
<BR><BR>[Calls]<UL><LI><a href="#[2d]">&gt;&gt;</a>&nbsp;&nbsp;&nbsp;__aeabi_dadd
</UL>

<P><STRONG><a name="[33]"></a>__aeabi_drsub</STRONG> (Thumb, 12 bytes, Stack size 8 bytes, dadd.o(.text), UNUSED)
<BR><BR>[Calls]<UL><LI><a href="#[2d]">&gt;&gt;</a>&nbsp;&nbsp;&nbsp;__aeabi_dadd
</UL>

<P><STRONG><a name="[34]"></a>__aeabi_ui2f</STRONG> (Thumb, 14 bytes, Stack size 8 bytes, ffltui.o(.text))
<BR><BR>[Stack]<UL><LI>Max Depth = 20<LI>Call Chain = __aeabi_ui2f &rArr; _float_epilogue
</UL>
<BR>[Calls]<UL><LI><a href="#[28]">&gt;&gt;</a>&nbsp;&nbsp;&nbsp;_float_epilogue
</UL>
<BR>[Called By]<UL><LI><a href="#[41]">&gt;&gt;</a>&nbsp;&nbsp;&nbsp;UART_Init
</UL>

<P><STRONG><a name="[66]"></a>__aeabi_f2uiz</STRONG> (Thumb, 40 bytes, Stack size 0 bytes, ffixui.o(.text))
<BR><BR>[Called By]<UL><LI><a href="#[41]">&gt;&gt;</a>&nbsp;&nbsp;&nbsp;UART_Init
</UL>

<P><STRONG><a name="[35]"></a>__aeabi_d2uiz</STRONG> (Thumb, 50 bytes, Stack size 8 bytes, dfixui.o(.text))
<BR><BR>[Stack]<UL><LI>Max Depth = 16<LI>Call Chain = __aeabi_d2uiz &rArr; __aeabi_llsr
</UL>
<BR>[Calls]<UL><LI><a href="#[36]">&gt;&gt;</a>&nbsp;&nbsp;&nbsp;__aeabi_llsr
</UL>
<BR>[Called By]<UL><LI><a href="#[41]">&gt;&gt;</a>&nbsp;&nbsp;&nbsp;UART_Init
</UL>

<P><STRONG><a name="[68]"></a>__aeabi_f2d</STRONG> (Thumb, 40 bytes, Stack size 0 bytes, f2d.o(.text))
<BR><BR>[Called By]<UL><LI><a href="#[41]">&gt;&gt;</a>&nbsp;&nbsp;&nbsp;UART_Init
</UL>

<P><STRONG><a name="[2e]"></a>__aeabi_llsl</STRONG> (Thumb, 32 bytes, Stack size 8 bytes, llshl.o(.text))
<BR><BR>[Stack]<UL><LI>Max Depth = 8<LI>Call Chain = __aeabi_llsl
</UL>
<BR>[Called By]<UL><LI><a href="#[2d]">&gt;&gt;</a>&nbsp;&nbsp;&nbsp;__aeabi_dadd
<LI><a href="#[30]">&gt;&gt;</a>&nbsp;&nbsp;&nbsp;_double_epilogue
</UL>

<P><STRONG><a name="[7b]"></a>_ll_shift_l</STRONG> (Thumb, 0 bytes, Stack size 8 bytes, llshl.o(.text), UNUSED)

<P><STRONG><a name="[36]"></a>__aeabi_llsr</STRONG> (Thumb, 34 bytes, Stack size 8 bytes, llushr.o(.text))
<BR><BR>[Stack]<UL><LI>Max Depth = 8<LI>Call Chain = __aeabi_llsr
</UL>
<BR>[Called By]<UL><LI><a href="#[35]">&gt;&gt;</a>&nbsp;&nbsp;&nbsp;__aeabi_d2uiz
<LI><a href="#[30]">&gt;&gt;</a>&nbsp;&nbsp;&nbsp;_double_epilogue
</UL>

<P><STRONG><a name="[7c]"></a>_ll_ushift_r</STRONG> (Thumb, 0 bytes, Stack size 8 bytes, llushr.o(.text), UNUSED)

<P><STRONG><a name="[2f]"></a>__aeabi_lasr</STRONG> (Thumb, 38 bytes, Stack size 8 bytes, llsshr.o(.text))
<BR><BR>[Stack]<UL><LI>Max Depth = 8<LI>Call Chain = __aeabi_lasr
</UL>
<BR>[Called By]<UL><LI><a href="#[2d]">&gt;&gt;</a>&nbsp;&nbsp;&nbsp;__aeabi_dadd
</UL>

<P><STRONG><a name="[7d]"></a>_ll_sshift_r</STRONG> (Thumb, 0 bytes, Stack size 8 bytes, llsshr.o(.text), UNUSED)

<P><STRONG><a name="[7e]"></a>__I$use$fp</STRONG> (Thumb, 0 bytes, Stack size 0 bytes, iusefp.o(.text), UNUSED)

<P><STRONG><a name="[29]"></a>_float_round</STRONG> (Thumb, 16 bytes, Stack size 0 bytes, fepilogue.o(.text))
<BR><BR>[Called By]<UL><LI><a href="#[2c]">&gt;&gt;</a>&nbsp;&nbsp;&nbsp;__aeabi_fdiv
<LI><a href="#[27]">&gt;&gt;</a>&nbsp;&nbsp;&nbsp;__aeabi_fadd
</UL>

<P><STRONG><a name="[28]"></a>_float_epilogue</STRONG> (Thumb, 114 bytes, Stack size 12 bytes, fepilogue.o(.text))
<BR><BR>[Stack]<UL><LI>Max Depth = 12<LI>Call Chain = _float_epilogue
</UL>
<BR>[Called By]<UL><LI><a href="#[34]">&gt;&gt;</a>&nbsp;&nbsp;&nbsp;__aeabi_ui2f
<LI><a href="#[27]">&gt;&gt;</a>&nbsp;&nbsp;&nbsp;__aeabi_fadd
</UL>

<P><STRONG><a name="[31]"></a>_double_round</STRONG> (Thumb, 26 bytes, Stack size 8 bytes, depilogue.o(.text))
<BR><BR>[Stack]<UL><LI>Max Depth = 8<LI>Call Chain = _double_round
</UL>
<BR>[Called By]<UL><LI><a href="#[2d]">&gt;&gt;</a>&nbsp;&nbsp;&nbsp;__aeabi_dadd
<LI><a href="#[30]">&gt;&gt;</a>&nbsp;&nbsp;&nbsp;_double_epilogue
</UL>

<P><STRONG><a name="[30]"></a>_double_epilogue</STRONG> (Thumb, 164 bytes, Stack size 48 bytes, depilogue.o(.text))
<BR><BR>[Stack]<UL><LI>Max Depth = 56<LI>Call Chain = _double_epilogue &rArr; __aeabi_llsr
</UL>
<BR>[Calls]<UL><LI><a href="#[37]">&gt;&gt;</a>&nbsp;&nbsp;&nbsp;__ARM_clz
<LI><a href="#[36]">&gt;&gt;</a>&nbsp;&nbsp;&nbsp;__aeabi_llsr
<LI><a href="#[2e]">&gt;&gt;</a>&nbsp;&nbsp;&nbsp;__aeabi_llsl
<LI><a href="#[31]">&gt;&gt;</a>&nbsp;&nbsp;&nbsp;_double_round
</UL>
<BR>[Called By]<UL><LI><a href="#[2d]">&gt;&gt;</a>&nbsp;&nbsp;&nbsp;__aeabi_dadd
</UL>

<P><STRONG><a name="[21]"></a>__scatterload</STRONG> (Thumb, 28 bytes, Stack size 0 bytes, init.o(.text))
<BR><BR>[Calls]<UL><LI><a href="#[38]">&gt;&gt;</a>&nbsp;&nbsp;&nbsp;__main_after_scatterload
</UL>
<BR>[Called By]<UL><LI><a href="#[20]">&gt;&gt;</a>&nbsp;&nbsp;&nbsp;_main_scatterload
</UL>

<P><STRONG><a name="[7f]"></a>__scatterload_rt2</STRONG> (Thumb, 0 bytes, Stack size 0 bytes, init.o(.text), UNUSED)

<P><STRONG><a name="[d]"></a>ADC_IRQHandler</STRONG> (Thumb, 2 bytes, Stack size 0 bytes, interrupts_cw32l010.o(i.ADC_IRQHandler))
<BR>[Address Reference Count : 1]<UL><LI> startup_cw32l010.o(RESET)
</UL>
<P><STRONG><a name="[e]"></a>ATIM_IRQHandler</STRONG> (Thumb, 2 bytes, Stack size 0 bytes, interrupts_cw32l010.o(i.ATIM_IRQHandler))
<BR>[Address Reference Count : 1]<UL><LI> startup_cw32l010.o(RESET)
</UL>
<P><STRONG><a name="[13]"></a>BTIM1_IRQHandler</STRONG> (Thumb, 2 bytes, Stack size 0 bytes, interrupts_cw32l010.o(i.BTIM1_IRQHandler))
<BR>[Address Reference Count : 1]<UL><LI> startup_cw32l010.o(RESET)
</UL>
<P><STRONG><a name="[14]"></a>BTIM2_IRQHandler</STRONG> (Thumb, 2 bytes, Stack size 0 bytes, interrupts_cw32l010.o(i.BTIM2_IRQHandler))
<BR>[Address Reference Count : 1]<UL><LI> startup_cw32l010.o(RESET)
</UL>
<P><STRONG><a name="[15]"></a>BTIM3_IRQHandler</STRONG> (Thumb, 2 bytes, Stack size 0 bytes, interrupts_cw32l010.o(i.BTIM3_IRQHandler))
<BR>[Address Reference Count : 1]<UL><LI> startup_cw32l010.o(RESET)
</UL>
<P><STRONG><a name="[1a]"></a>CLKFAULT_IRQHandler</STRONG> (Thumb, 2 bytes, Stack size 0 bytes, interrupts_cw32l010.o(i.CLKFAULT_IRQHandler))
<BR>[Address Reference Count : 1]<UL><LI> startup_cw32l010.o(RESET)
</UL>
<P><STRONG><a name="[39]"></a>DebugUART_Close</STRONG> (Thumb, 52 bytes, Stack size 8 bytes, main.o(i.DebugUART_Close))
<BR><BR>[Stack]<UL><LI>Max Depth = 24<LI>Call Chain = DebugUART_Close &rArr; SYSCTRL_APBPeriphReset1
</UL>
<BR>[Calls]<UL><LI><a href="#[3b]">&gt;&gt;</a>&nbsp;&nbsp;&nbsp;SYSCTRL_APBPeriphReset1
<LI><a href="#[3d]">&gt;&gt;</a>&nbsp;&nbsp;&nbsp;SYSCTRL_APBPeriphClk_Enable1
<LI><a href="#[3a]">&gt;&gt;</a>&nbsp;&nbsp;&nbsp;SYSCTRL_AHBPeriphReset
<LI><a href="#[3c]">&gt;&gt;</a>&nbsp;&nbsp;&nbsp;SYSCTRL_AHBPeriphClk_Enable
</UL>
<BR>[Called By]<UL><LI><a href="#[1b]">&gt;&gt;</a>&nbsp;&nbsp;&nbsp;main
</UL>

<P><STRONG><a name="[3e]"></a>DebugUART_Configuration</STRONG> (Thumb, 132 bytes, Stack size 48 bytes, main.o(i.DebugUART_Configuration))
<BR><BR>[Stack]<UL><LI>Max Depth = 208<LI>Call Chain = DebugUART_Configuration &rArr; UART_Init &rArr; __aeabi_dadd &rArr; _double_epilogue &rArr; __aeabi_llsr
</UL>
<BR>[Calls]<UL><LI><a href="#[41]">&gt;&gt;</a>&nbsp;&nbsp;&nbsp;UART_Init
<LI><a href="#[40]">&gt;&gt;</a>&nbsp;&nbsp;&nbsp;GPIO_Init
<LI><a href="#[3f]">&gt;&gt;</a>&nbsp;&nbsp;&nbsp;__aeabi_memclr4
</UL>
<BR>[Called By]<UL><LI><a href="#[1b]">&gt;&gt;</a>&nbsp;&nbsp;&nbsp;main
</UL>

<P><STRONG><a name="[9]"></a>FLASHRAM_IRQHandler</STRONG> (Thumb, 2 bytes, Stack size 0 bytes, interrupts_cw32l010.o(i.FLASHRAM_IRQHandler))
<BR>[Address Reference Count : 1]<UL><LI> startup_cw32l010.o(RESET)
</UL>
<P><STRONG><a name="[b]"></a>GPIOA_IRQHandler</STRONG> (Thumb, 38 bytes, Stack size 0 bytes, interrupts_cw32l010.o(i.GPIOA_IRQHandler))
<BR>[Address Reference Count : 1]<UL><LI> startup_cw32l010.o(RESET)
</UL>
<P><STRONG><a name="[c]"></a>GPIOB_IRQHandler</STRONG> (Thumb, 2 bytes, Stack size 0 bytes, interrupts_cw32l010.o(i.GPIOB_IRQHandler))
<BR>[Address Reference Count : 1]<UL><LI> startup_cw32l010.o(RESET)
</UL>
<P><STRONG><a name="[1f]"></a>GPIOC_IRQHandler</STRONG> (Thumb, 2 bytes, Stack size 0 bytes, interrupts_cw32l010.o(i.GPIOC_IRQHandler), UNUSED, KEPT)

<P><STRONG><a name="[40]"></a>GPIO_Init</STRONG> (Thumb, 206 bytes, Stack size 0 bytes, cw32l010_gpio.o(i.GPIO_Init))
<BR><BR>[Called By]<UL><LI><a href="#[1b]">&gt;&gt;</a>&nbsp;&nbsp;&nbsp;main
<LI><a href="#[62]">&gt;&gt;</a>&nbsp;&nbsp;&nbsp;UART1_Configuration
<LI><a href="#[3e]">&gt;&gt;</a>&nbsp;&nbsp;&nbsp;DebugUART_Configuration
</UL>

<P><STRONG><a name="[11]"></a>GTIM1_IRQHandler</STRONG> (Thumb, 2 bytes, Stack size 0 bytes, interrupts_cw32l010.o(i.GTIM1_IRQHandler))
<BR>[Address Reference Count : 1]<UL><LI> startup_cw32l010.o(RESET)
</UL>
<P><STRONG><a name="[60]"></a>GetTick</STRONG> (Thumb, 6 bytes, Stack size 0 bytes, cw32l010_systick.o(i.GetTick))
<BR><BR>[Called By]<UL><LI><a href="#[5f]">&gt;&gt;</a>&nbsp;&nbsp;&nbsp;SysTickDelay
</UL>

<P><STRONG><a name="[2]"></a>HardFault_Handler</STRONG> (Thumb, 4 bytes, Stack size 0 bytes, interrupts_cw32l010.o(i.HardFault_Handler))
<BR>[Address Reference Count : 1]<UL><LI> startup_cw32l010.o(RESET)
</UL>
<P><STRONG><a name="[16]"></a>I2C1_IRQHandler</STRONG> (Thumb, 2 bytes, Stack size 0 bytes, interrupts_cw32l010.o(i.I2C1_IRQHandler))
<BR>[Address Reference Count : 1]<UL><LI> startup_cw32l010.o(RESET)
</UL>
<P><STRONG><a name="[42]"></a>IWDT_Init</STRONG> (Thumb, 252 bytes, Stack size 16 bytes, cw32l010_iwdt.o(i.IWDT_Init))
<BR><BR>[Stack]<UL><LI>Max Depth = 16<LI>Call Chain = IWDT_Init
</UL>
<BR>[Calls]<UL><LI><a href="#[43]">&gt;&gt;</a>&nbsp;&nbsp;&nbsp;assert_failed
</UL>
<BR>[Called By]<UL><LI><a href="#[44]">&gt;&gt;</a>&nbsp;&nbsp;&nbsp;IWDT_SetPeriod
</UL>

<P><STRONG><a name="[6f]"></a>IWDT_Refresh</STRONG> (Thumb, 8 bytes, Stack size 0 bytes, cw32l010_iwdt.o(i.IWDT_Refresh))
<BR><BR>[Called By]<UL><LI><a href="#[1b]">&gt;&gt;</a>&nbsp;&nbsp;&nbsp;main
</UL>

<P><STRONG><a name="[44]"></a>IWDT_SetPeriod</STRONG> (Thumb, 108 bytes, Stack size 32 bytes, cw32l010_iwdt.o(i.IWDT_SetPeriod))
<BR><BR>[Stack]<UL><LI>Max Depth = 48<LI>Call Chain = IWDT_SetPeriod &rArr; IWDT_Init
</UL>
<BR>[Calls]<UL><LI><a href="#[45]">&gt;&gt;</a>&nbsp;&nbsp;&nbsp;SYSCTRL_LSI_Enable
<LI><a href="#[43]">&gt;&gt;</a>&nbsp;&nbsp;&nbsp;assert_failed
<LI><a href="#[3f]">&gt;&gt;</a>&nbsp;&nbsp;&nbsp;__aeabi_memclr4
<LI><a href="#[42]">&gt;&gt;</a>&nbsp;&nbsp;&nbsp;IWDT_Init
</UL>
<BR>[Called By]<UL><LI><a href="#[1b]">&gt;&gt;</a>&nbsp;&nbsp;&nbsp;main
</UL>

<P><STRONG><a name="[6e]"></a>IWDT_Stop</STRONG> (Thumb, 16 bytes, Stack size 0 bytes, cw32l010_iwdt.o(i.IWDT_Stop))
<BR><BR>[Called By]<UL><LI><a href="#[1b]">&gt;&gt;</a>&nbsp;&nbsp;&nbsp;main
</UL>

<P><STRONG><a name="[46]"></a>InitTick</STRONG> (Thumb, 90 bytes, Stack size 16 bytes, cw32l010_systick.o(i.InitTick))
<BR><BR>[Stack]<UL><LI>Max Depth = 28<LI>Call Chain = InitTick &rArr; __aeabi_uidivmod
</UL>
<BR>[Calls]<UL><LI><a href="#[47]">&gt;&gt;</a>&nbsp;&nbsp;&nbsp;__aeabi_uidivmod
<LI><a href="#[48]">&gt;&gt;</a>&nbsp;&nbsp;&nbsp;__NVIC_SetPriority
</UL>
<BR>[Called By]<UL><LI><a href="#[1b]">&gt;&gt;</a>&nbsp;&nbsp;&nbsp;main
</UL>

<P><STRONG><a name="[49]"></a>LPTIM_Cmd</STRONG> (Thumb, 42 bytes, Stack size 8 bytes, cw32l010_lptim.o(i.LPTIM_Cmd))
<BR><BR>[Stack]<UL><LI>Max Depth = 8<LI>Call Chain = LPTIM_Cmd
</UL>
<BR>[Calls]<UL><LI><a href="#[43]">&gt;&gt;</a>&nbsp;&nbsp;&nbsp;assert_failed
</UL>
<BR>[Called By]<UL><LI><a href="#[1b]">&gt;&gt;</a>&nbsp;&nbsp;&nbsp;main
<LI><a href="#[4a]">&gt;&gt;</a>&nbsp;&nbsp;&nbsp;LPTIM_Configuration
</UL>

<P><STRONG><a name="[4a]"></a>LPTIM_Configuration</STRONG> (Thumb, 76 bytes, Stack size 24 bytes, main.o(i.LPTIM_Configuration))
<BR><BR>[Stack]<UL><LI>Max Depth = 40<LI>Call Chain = LPTIM_Configuration &rArr; LPTIM_ITConfig
</UL>
<BR>[Calls]<UL><LI><a href="#[45]">&gt;&gt;</a>&nbsp;&nbsp;&nbsp;SYSCTRL_LSI_Enable
<LI><a href="#[4f]">&gt;&gt;</a>&nbsp;&nbsp;&nbsp;LPTIM_SelectOnePulseMode
<LI><a href="#[4c]">&gt;&gt;</a>&nbsp;&nbsp;&nbsp;LPTIM_InternalClockConfig
<LI><a href="#[4b]">&gt;&gt;</a>&nbsp;&nbsp;&nbsp;LPTIM_Init
<LI><a href="#[4d]">&gt;&gt;</a>&nbsp;&nbsp;&nbsp;LPTIM_ITConfig
<LI><a href="#[49]">&gt;&gt;</a>&nbsp;&nbsp;&nbsp;LPTIM_Cmd
<LI><a href="#[4e]">&gt;&gt;</a>&nbsp;&nbsp;&nbsp;__NVIC_EnableIRQ
</UL>
<BR>[Called By]<UL><LI><a href="#[1b]">&gt;&gt;</a>&nbsp;&nbsp;&nbsp;main
</UL>

<P><STRONG><a name="[12]"></a>LPTIM_IRQHandler</STRONG> (Thumb, 30 bytes, Stack size 0 bytes, interrupts_cw32l010.o(i.LPTIM_IRQHandler))
<BR>[Address Reference Count : 1]<UL><LI> startup_cw32l010.o(RESET)
</UL>
<P><STRONG><a name="[4d]"></a>LPTIM_ITConfig</STRONG> (Thumb, 90 bytes, Stack size 16 bytes, cw32l010_lptim.o(i.LPTIM_ITConfig))
<BR><BR>[Stack]<UL><LI>Max Depth = 16<LI>Call Chain = LPTIM_ITConfig
</UL>
<BR>[Calls]<UL><LI><a href="#[43]">&gt;&gt;</a>&nbsp;&nbsp;&nbsp;assert_failed
</UL>
<BR>[Called By]<UL><LI><a href="#[4a]">&gt;&gt;</a>&nbsp;&nbsp;&nbsp;LPTIM_Configuration
</UL>

<P><STRONG><a name="[4b]"></a>LPTIM_Init</STRONG> (Thumb, 170 bytes, Stack size 8 bytes, cw32l010_lptim.o(i.LPTIM_Init))
<BR><BR>[Stack]<UL><LI>Max Depth = 8<LI>Call Chain = LPTIM_Init
</UL>
<BR>[Calls]<UL><LI><a href="#[43]">&gt;&gt;</a>&nbsp;&nbsp;&nbsp;assert_failed
</UL>
<BR>[Called By]<UL><LI><a href="#[4a]">&gt;&gt;</a>&nbsp;&nbsp;&nbsp;LPTIM_Configuration
</UL>

<P><STRONG><a name="[4c]"></a>LPTIM_InternalClockConfig</STRONG> (Thumb, 52 bytes, Stack size 8 bytes, cw32l010_lptim.o(i.LPTIM_InternalClockConfig))
<BR><BR>[Stack]<UL><LI>Max Depth = 8<LI>Call Chain = LPTIM_InternalClockConfig
</UL>
<BR>[Calls]<UL><LI><a href="#[43]">&gt;&gt;</a>&nbsp;&nbsp;&nbsp;assert_failed
</UL>
<BR>[Called By]<UL><LI><a href="#[4a]">&gt;&gt;</a>&nbsp;&nbsp;&nbsp;LPTIM_Configuration
</UL>

<P><STRONG><a name="[4f]"></a>LPTIM_SelectOnePulseMode</STRONG> (Thumb, 38 bytes, Stack size 8 bytes, cw32l010_lptim.o(i.LPTIM_SelectOnePulseMode))
<BR><BR>[Stack]<UL><LI>Max Depth = 8<LI>Call Chain = LPTIM_SelectOnePulseMode
</UL>
<BR>[Calls]<UL><LI><a href="#[43]">&gt;&gt;</a>&nbsp;&nbsp;&nbsp;assert_failed
</UL>
<BR>[Called By]<UL><LI><a href="#[4a]">&gt;&gt;</a>&nbsp;&nbsp;&nbsp;LPTIM_Configuration
</UL>

<P><STRONG><a name="[7]"></a>LVD_IRQHandler</STRONG> (Thumb, 2 bytes, Stack size 0 bytes, interrupts_cw32l010.o(i.LVD_IRQHandler))
<BR>[Address Reference Count : 1]<UL><LI> startup_cw32l010.o(RESET)
</UL>
<P><STRONG><a name="[1]"></a>NMI_Handler</STRONG> (Thumb, 2 bytes, Stack size 0 bytes, interrupts_cw32l010.o(i.NMI_Handler))
<BR>[Address Reference Count : 1]<UL><LI> startup_cw32l010.o(RESET)
</UL>
<P><STRONG><a name="[4]"></a>PendSV_Handler</STRONG> (Thumb, 2 bytes, Stack size 0 bytes, interrupts_cw32l010.o(i.PendSV_Handler))
<BR>[Address Reference Count : 1]<UL><LI> startup_cw32l010.o(RESET)
</UL>
<P><STRONG><a name="[5b]"></a>RTC_BCDToBin</STRONG> (Thumb, 24 bytes, Stack size 0 bytes, cw32l010_rtc.o(i.RTC_BCDToBin))
<BR><BR>[Called By]<UL><LI><a href="#[5a]">&gt;&gt;</a>&nbsp;&nbsp;&nbsp;RTC_SetTime
<LI><a href="#[59]">&gt;&gt;</a>&nbsp;&nbsp;&nbsp;RTC_SetDate
</UL>

<P><STRONG><a name="[50]"></a>RTC_ClearITPendingBit</STRONG> (Thumb, 92 bytes, Stack size 8 bytes, cw32l010_rtc.o(i.RTC_ClearITPendingBit))
<BR><BR>[Stack]<UL><LI>Max Depth = 8<LI>Call Chain = RTC_ClearITPendingBit
</UL>
<BR>[Calls]<UL><LI><a href="#[43]">&gt;&gt;</a>&nbsp;&nbsp;&nbsp;assert_failed
</UL>
<BR>[Called By]<UL><LI><a href="#[52]">&gt;&gt;</a>&nbsp;&nbsp;&nbsp;RTC_Configuration
</UL>

<P><STRONG><a name="[51]"></a>RTC_Cmd</STRONG> (Thumb, 102 bytes, Stack size 8 bytes, cw32l010_rtc.o(i.RTC_Cmd))
<BR><BR>[Stack]<UL><LI>Max Depth = 8<LI>Call Chain = RTC_Cmd
</UL>
<BR>[Calls]<UL><LI><a href="#[43]">&gt;&gt;</a>&nbsp;&nbsp;&nbsp;assert_failed
</UL>
<BR>[Called By]<UL><LI><a href="#[53]">&gt;&gt;</a>&nbsp;&nbsp;&nbsp;RTC_Init
<LI><a href="#[52]">&gt;&gt;</a>&nbsp;&nbsp;&nbsp;RTC_Configuration
</UL>

<P><STRONG><a name="[52]"></a>RTC_Configuration</STRONG> (Thumb, 94 bytes, Stack size 24 bytes, main.o(i.RTC_Configuration))
<BR><BR>[Stack]<UL><LI>Max Depth = 40<LI>Call Chain = RTC_Configuration &rArr; RTC_Init &rArr; SYSCTRL_ClearRstFlag
</UL>
<BR>[Calls]<UL><LI><a href="#[45]">&gt;&gt;</a>&nbsp;&nbsp;&nbsp;SYSCTRL_LSI_Enable
<LI><a href="#[54]">&gt;&gt;</a>&nbsp;&nbsp;&nbsp;RTC_SetInterval
<LI><a href="#[53]">&gt;&gt;</a>&nbsp;&nbsp;&nbsp;RTC_Init
<LI><a href="#[55]">&gt;&gt;</a>&nbsp;&nbsp;&nbsp;RTC_ITConfig
<LI><a href="#[51]">&gt;&gt;</a>&nbsp;&nbsp;&nbsp;RTC_Cmd
<LI><a href="#[50]">&gt;&gt;</a>&nbsp;&nbsp;&nbsp;RTC_ClearITPendingBit
<LI><a href="#[4e]">&gt;&gt;</a>&nbsp;&nbsp;&nbsp;__NVIC_EnableIRQ
</UL>
<BR>[Called By]<UL><LI><a href="#[1b]">&gt;&gt;</a>&nbsp;&nbsp;&nbsp;main
</UL>

<P><STRONG><a name="[8]"></a>RTC_IRQHandler</STRONG> (Thumb, 26 bytes, Stack size 0 bytes, interrupts_cw32l010.o(i.RTC_IRQHandler))
<BR>[Address Reference Count : 1]<UL><LI> startup_cw32l010.o(RESET)
</UL>
<P><STRONG><a name="[55]"></a>RTC_ITConfig</STRONG> (Thumb, 172 bytes, Stack size 16 bytes, cw32l010_rtc.o(i.RTC_ITConfig))
<BR><BR>[Stack]<UL><LI>Max Depth = 16<LI>Call Chain = RTC_ITConfig
</UL>
<BR>[Calls]<UL><LI><a href="#[43]">&gt;&gt;</a>&nbsp;&nbsp;&nbsp;assert_failed
</UL>
<BR>[Called By]<UL><LI><a href="#[52]">&gt;&gt;</a>&nbsp;&nbsp;&nbsp;RTC_Configuration
</UL>

<P><STRONG><a name="[53]"></a>RTC_Init</STRONG> (Thumb, 124 bytes, Stack size 8 bytes, cw32l010_rtc.o(i.RTC_Init))
<BR><BR>[Stack]<UL><LI>Max Depth = 16<LI>Call Chain = RTC_Init &rArr; SYSCTRL_ClearRstFlag
</UL>
<BR>[Calls]<UL><LI><a href="#[56]">&gt;&gt;</a>&nbsp;&nbsp;&nbsp;SYSCTRL_GetAllRstFlag
<LI><a href="#[57]">&gt;&gt;</a>&nbsp;&nbsp;&nbsp;SYSCTRL_ClearRstFlag
<LI><a href="#[51]">&gt;&gt;</a>&nbsp;&nbsp;&nbsp;RTC_Cmd
<LI><a href="#[43]">&gt;&gt;</a>&nbsp;&nbsp;&nbsp;assert_failed
<LI><a href="#[5a]">&gt;&gt;</a>&nbsp;&nbsp;&nbsp;RTC_SetTime
<LI><a href="#[59]">&gt;&gt;</a>&nbsp;&nbsp;&nbsp;RTC_SetDate
<LI><a href="#[58]">&gt;&gt;</a>&nbsp;&nbsp;&nbsp;RTC_SetClockSource
</UL>
<BR>[Called By]<UL><LI><a href="#[52]">&gt;&gt;</a>&nbsp;&nbsp;&nbsp;RTC_Configuration
</UL>

<P><STRONG><a name="[58]"></a>RTC_SetClockSource</STRONG> (Thumb, 102 bytes, Stack size 8 bytes, cw32l010_rtc.o(i.RTC_SetClockSource))
<BR><BR>[Stack]<UL><LI>Max Depth = 8<LI>Call Chain = RTC_SetClockSource
</UL>
<BR>[Calls]<UL><LI><a href="#[43]">&gt;&gt;</a>&nbsp;&nbsp;&nbsp;assert_failed
</UL>
<BR>[Called By]<UL><LI><a href="#[53]">&gt;&gt;</a>&nbsp;&nbsp;&nbsp;RTC_Init
</UL>

<P><STRONG><a name="[59]"></a>RTC_SetDate</STRONG> (Thumb, 184 bytes, Stack size 8 bytes, cw32l010_rtc.o(i.RTC_SetDate))
<BR><BR>[Stack]<UL><LI>Max Depth = 8<LI>Call Chain = RTC_SetDate
</UL>
<BR>[Calls]<UL><LI><a href="#[43]">&gt;&gt;</a>&nbsp;&nbsp;&nbsp;assert_failed
<LI><a href="#[5b]">&gt;&gt;</a>&nbsp;&nbsp;&nbsp;RTC_BCDToBin
</UL>
<BR>[Called By]<UL><LI><a href="#[53]">&gt;&gt;</a>&nbsp;&nbsp;&nbsp;RTC_Init
</UL>

<P><STRONG><a name="[54]"></a>RTC_SetInterval</STRONG> (Thumb, 148 bytes, Stack size 8 bytes, cw32l010_rtc.o(i.RTC_SetInterval))
<BR><BR>[Stack]<UL><LI>Max Depth = 8<LI>Call Chain = RTC_SetInterval
</UL>
<BR>[Calls]<UL><LI><a href="#[43]">&gt;&gt;</a>&nbsp;&nbsp;&nbsp;assert_failed
</UL>
<BR>[Called By]<UL><LI><a href="#[52]">&gt;&gt;</a>&nbsp;&nbsp;&nbsp;RTC_Configuration
</UL>

<P><STRONG><a name="[5a]"></a>RTC_SetTime</STRONG> (Thumb, 246 bytes, Stack size 8 bytes, cw32l010_rtc.o(i.RTC_SetTime))
<BR><BR>[Stack]<UL><LI>Max Depth = 8<LI>Call Chain = RTC_SetTime
</UL>
<BR>[Calls]<UL><LI><a href="#[43]">&gt;&gt;</a>&nbsp;&nbsp;&nbsp;assert_failed
<LI><a href="#[5b]">&gt;&gt;</a>&nbsp;&nbsp;&nbsp;RTC_BCDToBin
</UL>
<BR>[Called By]<UL><LI><a href="#[53]">&gt;&gt;</a>&nbsp;&nbsp;&nbsp;RTC_Init
</UL>

<P><STRONG><a name="[17]"></a>SPI1_IRQHandler</STRONG> (Thumb, 2 bytes, Stack size 0 bytes, interrupts_cw32l010.o(i.SPI1_IRQHandler))
<BR>[Address Reference Count : 1]<UL><LI> startup_cw32l010.o(RESET)
</UL>
<P><STRONG><a name="[3]"></a>SVC_Handler</STRONG> (Thumb, 2 bytes, Stack size 0 bytes, interrupts_cw32l010.o(i.SVC_Handler))
<BR>[Address Reference Count : 1]<UL><LI> startup_cw32l010.o(RESET)
</UL>
<P><STRONG><a name="[3c]"></a>SYSCTRL_AHBPeriphClk_Enable</STRONG> (Thumb, 66 bytes, Stack size 16 bytes, cw32l010_sysctrl.o(i.SYSCTRL_AHBPeriphClk_Enable))
<BR><BR>[Stack]<UL><LI>Max Depth = 16<LI>Call Chain = SYSCTRL_AHBPeriphClk_Enable
</UL>
<BR>[Calls]<UL><LI><a href="#[43]">&gt;&gt;</a>&nbsp;&nbsp;&nbsp;assert_failed
</UL>
<BR>[Called By]<UL><LI><a href="#[1b]">&gt;&gt;</a>&nbsp;&nbsp;&nbsp;main
<LI><a href="#[39]">&gt;&gt;</a>&nbsp;&nbsp;&nbsp;DebugUART_Close
</UL>

<P><STRONG><a name="[3a]"></a>SYSCTRL_AHBPeriphReset</STRONG> (Thumb, 58 bytes, Stack size 16 bytes, cw32l010_sysctrl.o(i.SYSCTRL_AHBPeriphReset))
<BR><BR>[Stack]<UL><LI>Max Depth = 16<LI>Call Chain = SYSCTRL_AHBPeriphReset
</UL>
<BR>[Calls]<UL><LI><a href="#[43]">&gt;&gt;</a>&nbsp;&nbsp;&nbsp;assert_failed
</UL>
<BR>[Called By]<UL><LI><a href="#[39]">&gt;&gt;</a>&nbsp;&nbsp;&nbsp;DebugUART_Close
</UL>

<P><STRONG><a name="[3d]"></a>SYSCTRL_APBPeriphClk_Enable1</STRONG> (Thumb, 64 bytes, Stack size 16 bytes, cw32l010_sysctrl.o(i.SYSCTRL_APBPeriphClk_Enable1))
<BR><BR>[Stack]<UL><LI>Max Depth = 16<LI>Call Chain = SYSCTRL_APBPeriphClk_Enable1
</UL>
<BR>[Calls]<UL><LI><a href="#[43]">&gt;&gt;</a>&nbsp;&nbsp;&nbsp;assert_failed
</UL>
<BR>[Called By]<UL><LI><a href="#[1b]">&gt;&gt;</a>&nbsp;&nbsp;&nbsp;main
<LI><a href="#[39]">&gt;&gt;</a>&nbsp;&nbsp;&nbsp;DebugUART_Close
</UL>

<P><STRONG><a name="[5c]"></a>SYSCTRL_APBPeriphClk_Enable2</STRONG> (Thumb, 68 bytes, Stack size 16 bytes, cw32l010_sysctrl.o(i.SYSCTRL_APBPeriphClk_Enable2))
<BR><BR>[Stack]<UL><LI>Max Depth = 16<LI>Call Chain = SYSCTRL_APBPeriphClk_Enable2
</UL>
<BR>[Calls]<UL><LI><a href="#[43]">&gt;&gt;</a>&nbsp;&nbsp;&nbsp;assert_failed
</UL>
<BR>[Called By]<UL><LI><a href="#[1b]">&gt;&gt;</a>&nbsp;&nbsp;&nbsp;main
</UL>

<P><STRONG><a name="[3b]"></a>SYSCTRL_APBPeriphReset1</STRONG> (Thumb, 58 bytes, Stack size 16 bytes, cw32l010_sysctrl.o(i.SYSCTRL_APBPeriphReset1))
<BR><BR>[Stack]<UL><LI>Max Depth = 16<LI>Call Chain = SYSCTRL_APBPeriphReset1
</UL>
<BR>[Calls]<UL><LI><a href="#[43]">&gt;&gt;</a>&nbsp;&nbsp;&nbsp;assert_failed
</UL>
<BR>[Called By]<UL><LI><a href="#[1b]">&gt;&gt;</a>&nbsp;&nbsp;&nbsp;main
<LI><a href="#[39]">&gt;&gt;</a>&nbsp;&nbsp;&nbsp;DebugUART_Close
</UL>

<P><STRONG><a name="[5d]"></a>SYSCTRL_APBPeriphReset2</STRONG> (Thumb, 56 bytes, Stack size 16 bytes, cw32l010_sysctrl.o(i.SYSCTRL_APBPeriphReset2))
<BR><BR>[Stack]<UL><LI>Max Depth = 16<LI>Call Chain = SYSCTRL_APBPeriphReset2
</UL>
<BR>[Calls]<UL><LI><a href="#[43]">&gt;&gt;</a>&nbsp;&nbsp;&nbsp;assert_failed
</UL>
<BR>[Called By]<UL><LI><a href="#[1b]">&gt;&gt;</a>&nbsp;&nbsp;&nbsp;main
</UL>

<P><STRONG><a name="[57]"></a>SYSCTRL_ClearRstFlag</STRONG> (Thumb, 64 bytes, Stack size 8 bytes, cw32l010_sysctrl.o(i.SYSCTRL_ClearRstFlag))
<BR><BR>[Stack]<UL><LI>Max Depth = 8<LI>Call Chain = SYSCTRL_ClearRstFlag
</UL>
<BR>[Calls]<UL><LI><a href="#[43]">&gt;&gt;</a>&nbsp;&nbsp;&nbsp;assert_failed
</UL>
<BR>[Called By]<UL><LI><a href="#[53]">&gt;&gt;</a>&nbsp;&nbsp;&nbsp;RTC_Init
</UL>

<P><STRONG><a name="[56]"></a>SYSCTRL_GetAllRstFlag</STRONG> (Thumb, 6 bytes, Stack size 0 bytes, cw32l010_sysctrl.o(i.SYSCTRL_GetAllRstFlag))
<BR><BR>[Called By]<UL><LI><a href="#[53]">&gt;&gt;</a>&nbsp;&nbsp;&nbsp;RTC_Init
</UL>

<P><STRONG><a name="[70]"></a>SYSCTRL_GotoDeepSleep</STRONG> (Thumb, 20 bytes, Stack size 0 bytes, cw32l010_sysctrl.o(i.SYSCTRL_GotoDeepSleep))
<BR><BR>[Called By]<UL><LI><a href="#[1b]">&gt;&gt;</a>&nbsp;&nbsp;&nbsp;main
</UL>

<P><STRONG><a name="[5e]"></a>SYSCTRL_HSI_Enable</STRONG> (Thumb, 236 bytes, Stack size 16 bytes, cw32l010_sysctrl.o(i.SYSCTRL_HSI_Enable))
<BR><BR>[Stack]<UL><LI>Max Depth = 16<LI>Call Chain = SYSCTRL_HSI_Enable
</UL>
<BR>[Calls]<UL><LI><a href="#[43]">&gt;&gt;</a>&nbsp;&nbsp;&nbsp;assert_failed
</UL>
<BR>[Called By]<UL><LI><a href="#[1b]">&gt;&gt;</a>&nbsp;&nbsp;&nbsp;main
</UL>

<P><STRONG><a name="[a]"></a>SYSCTRL_IRQHandler</STRONG> (Thumb, 2 bytes, Stack size 0 bytes, interrupts_cw32l010.o(i.SYSCTRL_IRQHandler))
<BR>[Address Reference Count : 1]<UL><LI> startup_cw32l010.o(RESET)
</UL>
<P><STRONG><a name="[45]"></a>SYSCTRL_LSI_Enable</STRONG> (Thumb, 76 bytes, Stack size 0 bytes, cw32l010_sysctrl.o(i.SYSCTRL_LSI_Enable))
<BR><BR>[Called By]<UL><LI><a href="#[44]">&gt;&gt;</a>&nbsp;&nbsp;&nbsp;IWDT_SetPeriod
<LI><a href="#[52]">&gt;&gt;</a>&nbsp;&nbsp;&nbsp;RTC_Configuration
<LI><a href="#[4a]">&gt;&gt;</a>&nbsp;&nbsp;&nbsp;LPTIM_Configuration
</UL>

<P><STRONG><a name="[5f]"></a>SysTickDelay</STRONG> (Thumb, 26 bytes, Stack size 16 bytes, cw32l010_systick.o(i.SysTickDelay))
<BR><BR>[Stack]<UL><LI>Max Depth = 16<LI>Call Chain = SysTickDelay
</UL>
<BR>[Calls]<UL><LI><a href="#[60]">&gt;&gt;</a>&nbsp;&nbsp;&nbsp;GetTick
</UL>
<BR>[Called By]<UL><LI><a href="#[1b]">&gt;&gt;</a>&nbsp;&nbsp;&nbsp;main
</UL>

<P><STRONG><a name="[5]"></a>SysTick_Handler</STRONG> (Thumb, 16 bytes, Stack size 0 bytes, cw32l010_systick.o(i.SysTick_Handler))
<BR>[Address Reference Count : 1]<UL><LI> startup_cw32l010.o(RESET)
</UL>
<P><STRONG><a name="[61]"></a>SystemCoreClockUpdate</STRONG> (Thumb, 8 bytes, Stack size 0 bytes, system_cw32l010.o(i.SystemCoreClockUpdate))
<BR><BR>[Called By]<UL><LI><a href="#[1c]">&gt;&gt;</a>&nbsp;&nbsp;&nbsp;SystemInit
</UL>

<P><STRONG><a name="[1c]"></a>SystemInit</STRONG> (Thumb, 50 bytes, Stack size 4 bytes, system_cw32l010.o(i.SystemInit))
<BR><BR>[Stack]<UL><LI>Max Depth = 4<LI>Call Chain = SystemInit
</UL>
<BR>[Calls]<UL><LI><a href="#[61]">&gt;&gt;</a>&nbsp;&nbsp;&nbsp;SystemCoreClockUpdate
</UL>
<BR>[Address Reference Count : 1]<UL><LI> startup_cw32l010.o(.text)
</UL>
<P><STRONG><a name="[62]"></a>UART1_Configuration</STRONG> (Thumb, 136 bytes, Stack size 40 bytes, main.o(i.UART1_Configuration))
<BR><BR>[Stack]<UL><LI>Max Depth = 200<LI>Call Chain = UART1_Configuration &rArr; UART_Init &rArr; __aeabi_dadd &rArr; _double_epilogue &rArr; __aeabi_llsr
</UL>
<BR>[Calls]<UL><LI><a href="#[41]">&gt;&gt;</a>&nbsp;&nbsp;&nbsp;UART_Init
<LI><a href="#[63]">&gt;&gt;</a>&nbsp;&nbsp;&nbsp;UART_ITConfig
<LI><a href="#[64]">&gt;&gt;</a>&nbsp;&nbsp;&nbsp;UART_ClearFlag
<LI><a href="#[40]">&gt;&gt;</a>&nbsp;&nbsp;&nbsp;GPIO_Init
<LI><a href="#[4e]">&gt;&gt;</a>&nbsp;&nbsp;&nbsp;__NVIC_EnableIRQ
<LI><a href="#[3f]">&gt;&gt;</a>&nbsp;&nbsp;&nbsp;__aeabi_memclr4
</UL>
<BR>[Called By]<UL><LI><a href="#[1b]">&gt;&gt;</a>&nbsp;&nbsp;&nbsp;main
</UL>

<P><STRONG><a name="[18]"></a>UART1_IRQHandler</STRONG> (Thumb, 40 bytes, Stack size 0 bytes, interrupts_cw32l010.o(i.UART1_IRQHandler))
<BR>[Address Reference Count : 1]<UL><LI> startup_cw32l010.o(RESET)
</UL>
<P><STRONG><a name="[19]"></a>UART2_IRQHandler</STRONG> (Thumb, 2 bytes, Stack size 0 bytes, interrupts_cw32l010.o(i.UART2_IRQHandler))
<BR>[Address Reference Count : 1]<UL><LI> startup_cw32l010.o(RESET)
</UL>
<P><STRONG><a name="[64]"></a>UART_ClearFlag</STRONG> (Thumb, 62 bytes, Stack size 16 bytes, cw32l010_uart.o(i.UART_ClearFlag))
<BR><BR>[Stack]<UL><LI>Max Depth = 16<LI>Call Chain = UART_ClearFlag
</UL>
<BR>[Calls]<UL><LI><a href="#[43]">&gt;&gt;</a>&nbsp;&nbsp;&nbsp;assert_failed
</UL>
<BR>[Called By]<UL><LI><a href="#[62]">&gt;&gt;</a>&nbsp;&nbsp;&nbsp;UART1_Configuration
</UL>

<P><STRONG><a name="[65]"></a>UART_GetFlagStatus</STRONG> (Thumb, 68 bytes, Stack size 16 bytes, cw32l010_uart.o(i.UART_GetFlagStatus))
<BR><BR>[Stack]<UL><LI>Max Depth = 16<LI>Call Chain = UART_GetFlagStatus
</UL>
<BR>[Calls]<UL><LI><a href="#[43]">&gt;&gt;</a>&nbsp;&nbsp;&nbsp;assert_failed
</UL>
<BR>[Called By]<UL><LI><a href="#[1e]">&gt;&gt;</a>&nbsp;&nbsp;&nbsp;fputc
</UL>

<P><STRONG><a name="[63]"></a>UART_ITConfig</STRONG> (Thumb, 100 bytes, Stack size 16 bytes, cw32l010_uart.o(i.UART_ITConfig))
<BR><BR>[Stack]<UL><LI>Max Depth = 16<LI>Call Chain = UART_ITConfig
</UL>
<BR>[Calls]<UL><LI><a href="#[43]">&gt;&gt;</a>&nbsp;&nbsp;&nbsp;assert_failed
</UL>
<BR>[Called By]<UL><LI><a href="#[62]">&gt;&gt;</a>&nbsp;&nbsp;&nbsp;UART1_Configuration
</UL>

<P><STRONG><a name="[41]"></a>UART_Init</STRONG> (Thumb, 748 bytes, Stack size 56 bytes, cw32l010_uart.o(i.UART_Init))
<BR><BR>[Stack]<UL><LI>Max Depth = 160<LI>Call Chain = UART_Init &rArr; __aeabi_dadd &rArr; _double_epilogue &rArr; __aeabi_llsr
</UL>
<BR>[Calls]<UL><LI><a href="#[34]">&gt;&gt;</a>&nbsp;&nbsp;&nbsp;__aeabi_ui2f
<LI><a href="#[67]">&gt;&gt;</a>&nbsp;&nbsp;&nbsp;__aeabi_fmul
<LI><a href="#[68]">&gt;&gt;</a>&nbsp;&nbsp;&nbsp;__aeabi_f2d
<LI><a href="#[2d]">&gt;&gt;</a>&nbsp;&nbsp;&nbsp;__aeabi_dadd
<LI><a href="#[43]">&gt;&gt;</a>&nbsp;&nbsp;&nbsp;assert_failed
<LI><a href="#[2b]">&gt;&gt;</a>&nbsp;&nbsp;&nbsp;__aeabi_frsub
<LI><a href="#[2c]">&gt;&gt;</a>&nbsp;&nbsp;&nbsp;__aeabi_fdiv
<LI><a href="#[66]">&gt;&gt;</a>&nbsp;&nbsp;&nbsp;__aeabi_f2uiz
<LI><a href="#[35]">&gt;&gt;</a>&nbsp;&nbsp;&nbsp;__aeabi_d2uiz
</UL>
<BR>[Called By]<UL><LI><a href="#[62]">&gt;&gt;</a>&nbsp;&nbsp;&nbsp;UART1_Configuration
<LI><a href="#[3e]">&gt;&gt;</a>&nbsp;&nbsp;&nbsp;DebugUART_Configuration
</UL>

<P><STRONG><a name="[69]"></a>UART_SendData_8bit</STRONG> (Thumb, 46 bytes, Stack size 16 bytes, cw32l010_uart.o(i.UART_SendData_8bit))
<BR><BR>[Stack]<UL><LI>Max Depth = 16<LI>Call Chain = UART_SendData_8bit
</UL>
<BR>[Calls]<UL><LI><a href="#[43]">&gt;&gt;</a>&nbsp;&nbsp;&nbsp;assert_failed
</UL>
<BR>[Called By]<UL><LI><a href="#[1e]">&gt;&gt;</a>&nbsp;&nbsp;&nbsp;fputc
</UL>

<P><STRONG><a name="[f]"></a>VC1_IRQHandler</STRONG> (Thumb, 2 bytes, Stack size 0 bytes, interrupts_cw32l010.o(i.VC1_IRQHandler))
<BR>[Address Reference Count : 1]<UL><LI> startup_cw32l010.o(RESET)
</UL>
<P><STRONG><a name="[10]"></a>VC2_IRQHandler</STRONG> (Thumb, 2 bytes, Stack size 0 bytes, interrupts_cw32l010.o(i.VC2_IRQHandler))
<BR>[Address Reference Count : 1]<UL><LI> startup_cw32l010.o(RESET)
</UL>
<P><STRONG><a name="[6]"></a>WDT_IRQHandler</STRONG> (Thumb, 2 bytes, Stack size 0 bytes, interrupts_cw32l010.o(i.WDT_IRQHandler))
<BR>[Address Reference Count : 1]<UL><LI> startup_cw32l010.o(RESET)
</UL>
<P><STRONG><a name="[6a]"></a>__0printf$2</STRONG> (Thumb, 24 bytes, Stack size 24 bytes, printf2.o(i.__0printf$2), UNUSED)
<BR><BR>[Calls]<UL><LI><a href="#[6b]">&gt;&gt;</a>&nbsp;&nbsp;&nbsp;_printf_core
</UL>

<P><STRONG><a name="[80]"></a>__1printf$2</STRONG> (Thumb, 0 bytes, Stack size 24 bytes, printf2.o(i.__0printf$2), UNUSED)

<P><STRONG><a name="[6c]"></a>__2printf</STRONG> (Thumb, 0 bytes, Stack size 24 bytes, printf2.o(i.__0printf$2))
<BR><BR>[Stack]<UL><LI>Max Depth = 24<LI>Call Chain = __2printf
</UL>
<BR>[Called By]<UL><LI><a href="#[1b]">&gt;&gt;</a>&nbsp;&nbsp;&nbsp;main
</UL>

<P><STRONG><a name="[37]"></a>__ARM_clz</STRONG> (Thumb, 46 bytes, Stack size 0 bytes, depilogue.o(i.__ARM_clz))
<BR><BR>[Called By]<UL><LI><a href="#[30]">&gt;&gt;</a>&nbsp;&nbsp;&nbsp;_double_epilogue
</UL>

<P><STRONG><a name="[6d]"></a>__ARM_common_switch8</STRONG> (Thumb, 28 bytes, Stack size 8 bytes, main.o(i.__ARM_common_switch8))
<BR><BR>[Stack]<UL><LI>Max Depth = 8<LI>Call Chain = __ARM_common_switch8
</UL>
<BR>[Called By]<UL><LI><a href="#[1b]">&gt;&gt;</a>&nbsp;&nbsp;&nbsp;main
</UL>

<P><STRONG><a name="[81]"></a>__scatterload_copy</STRONG> (Thumb, 14 bytes, Stack size unknown bytes, handlers.o(i.__scatterload_copy), UNUSED)

<P><STRONG><a name="[82]"></a>__scatterload_null</STRONG> (Thumb, 2 bytes, Stack size unknown bytes, handlers.o(i.__scatterload_null), UNUSED)

<P><STRONG><a name="[83]"></a>__scatterload_zeroinit</STRONG> (Thumb, 14 bytes, Stack size unknown bytes, handlers.o(i.__scatterload_zeroinit), UNUSED)

<P><STRONG><a name="[43]"></a>assert_failed</STRONG> (Thumb, 2 bytes, Stack size 0 bytes, main.o(i.assert_failed))
<BR><BR>[Called By]<UL><LI><a href="#[57]">&gt;&gt;</a>&nbsp;&nbsp;&nbsp;SYSCTRL_ClearRstFlag
<LI><a href="#[69]">&gt;&gt;</a>&nbsp;&nbsp;&nbsp;UART_SendData_8bit
<LI><a href="#[41]">&gt;&gt;</a>&nbsp;&nbsp;&nbsp;UART_Init
<LI><a href="#[63]">&gt;&gt;</a>&nbsp;&nbsp;&nbsp;UART_ITConfig
<LI><a href="#[65]">&gt;&gt;</a>&nbsp;&nbsp;&nbsp;UART_GetFlagStatus
<LI><a href="#[64]">&gt;&gt;</a>&nbsp;&nbsp;&nbsp;UART_ClearFlag
<LI><a href="#[5e]">&gt;&gt;</a>&nbsp;&nbsp;&nbsp;SYSCTRL_HSI_Enable
<LI><a href="#[5d]">&gt;&gt;</a>&nbsp;&nbsp;&nbsp;SYSCTRL_APBPeriphReset2
<LI><a href="#[3b]">&gt;&gt;</a>&nbsp;&nbsp;&nbsp;SYSCTRL_APBPeriphReset1
<LI><a href="#[5c]">&gt;&gt;</a>&nbsp;&nbsp;&nbsp;SYSCTRL_APBPeriphClk_Enable2
<LI><a href="#[3d]">&gt;&gt;</a>&nbsp;&nbsp;&nbsp;SYSCTRL_APBPeriphClk_Enable1
<LI><a href="#[3a]">&gt;&gt;</a>&nbsp;&nbsp;&nbsp;SYSCTRL_AHBPeriphReset
<LI><a href="#[3c]">&gt;&gt;</a>&nbsp;&nbsp;&nbsp;SYSCTRL_AHBPeriphClk_Enable
<LI><a href="#[54]">&gt;&gt;</a>&nbsp;&nbsp;&nbsp;RTC_SetInterval
<LI><a href="#[53]">&gt;&gt;</a>&nbsp;&nbsp;&nbsp;RTC_Init
<LI><a href="#[55]">&gt;&gt;</a>&nbsp;&nbsp;&nbsp;RTC_ITConfig
<LI><a href="#[51]">&gt;&gt;</a>&nbsp;&nbsp;&nbsp;RTC_Cmd
<LI><a href="#[50]">&gt;&gt;</a>&nbsp;&nbsp;&nbsp;RTC_ClearITPendingBit
<LI><a href="#[4f]">&gt;&gt;</a>&nbsp;&nbsp;&nbsp;LPTIM_SelectOnePulseMode
<LI><a href="#[4c]">&gt;&gt;</a>&nbsp;&nbsp;&nbsp;LPTIM_InternalClockConfig
<LI><a href="#[4b]">&gt;&gt;</a>&nbsp;&nbsp;&nbsp;LPTIM_Init
<LI><a href="#[4d]">&gt;&gt;</a>&nbsp;&nbsp;&nbsp;LPTIM_ITConfig
<LI><a href="#[49]">&gt;&gt;</a>&nbsp;&nbsp;&nbsp;LPTIM_Cmd
<LI><a href="#[44]">&gt;&gt;</a>&nbsp;&nbsp;&nbsp;IWDT_SetPeriod
<LI><a href="#[42]">&gt;&gt;</a>&nbsp;&nbsp;&nbsp;IWDT_Init
<LI><a href="#[5a]">&gt;&gt;</a>&nbsp;&nbsp;&nbsp;RTC_SetTime
<LI><a href="#[59]">&gt;&gt;</a>&nbsp;&nbsp;&nbsp;RTC_SetDate
<LI><a href="#[58]">&gt;&gt;</a>&nbsp;&nbsp;&nbsp;RTC_SetClockSource
</UL>

<P><STRONG><a name="[1e]"></a>fputc</STRONG> (Thumb, 32 bytes, Stack size 16 bytes, main.o(i.fputc))
<BR><BR>[Stack]<UL><LI>Max Depth = 32<LI>Call Chain = fputc &rArr; UART_SendData_8bit
</UL>
<BR>[Calls]<UL><LI><a href="#[69]">&gt;&gt;</a>&nbsp;&nbsp;&nbsp;UART_SendData_8bit
<LI><a href="#[65]">&gt;&gt;</a>&nbsp;&nbsp;&nbsp;UART_GetFlagStatus
</UL>
<BR>[Address Reference Count : 1]<UL><LI> printf2.o(i.__0printf$2)
</UL>
<P><STRONG><a name="[1b]"></a>main</STRONG> (Thumb, 814 bytes, Stack size 16 bytes, main.o(i.main))
<BR><BR>[Stack]<UL><LI>Max Depth = 224<LI>Call Chain = main &rArr; DebugUART_Configuration &rArr; UART_Init &rArr; __aeabi_dadd &rArr; _double_epilogue &rArr; __aeabi_llsr
</UL>
<BR>[Calls]<UL><LI><a href="#[5f]">&gt;&gt;</a>&nbsp;&nbsp;&nbsp;SysTickDelay
<LI><a href="#[5e]">&gt;&gt;</a>&nbsp;&nbsp;&nbsp;SYSCTRL_HSI_Enable
<LI><a href="#[70]">&gt;&gt;</a>&nbsp;&nbsp;&nbsp;SYSCTRL_GotoDeepSleep
<LI><a href="#[5d]">&gt;&gt;</a>&nbsp;&nbsp;&nbsp;SYSCTRL_APBPeriphReset2
<LI><a href="#[3b]">&gt;&gt;</a>&nbsp;&nbsp;&nbsp;SYSCTRL_APBPeriphReset1
<LI><a href="#[5c]">&gt;&gt;</a>&nbsp;&nbsp;&nbsp;SYSCTRL_APBPeriphClk_Enable2
<LI><a href="#[3d]">&gt;&gt;</a>&nbsp;&nbsp;&nbsp;SYSCTRL_APBPeriphClk_Enable1
<LI><a href="#[3c]">&gt;&gt;</a>&nbsp;&nbsp;&nbsp;SYSCTRL_AHBPeriphClk_Enable
<LI><a href="#[49]">&gt;&gt;</a>&nbsp;&nbsp;&nbsp;LPTIM_Cmd
<LI><a href="#[46]">&gt;&gt;</a>&nbsp;&nbsp;&nbsp;InitTick
<LI><a href="#[6e]">&gt;&gt;</a>&nbsp;&nbsp;&nbsp;IWDT_Stop
<LI><a href="#[44]">&gt;&gt;</a>&nbsp;&nbsp;&nbsp;IWDT_SetPeriod
<LI><a href="#[6f]">&gt;&gt;</a>&nbsp;&nbsp;&nbsp;IWDT_Refresh
<LI><a href="#[40]">&gt;&gt;</a>&nbsp;&nbsp;&nbsp;GPIO_Init
<LI><a href="#[6d]">&gt;&gt;</a>&nbsp;&nbsp;&nbsp;__ARM_common_switch8
<LI><a href="#[62]">&gt;&gt;</a>&nbsp;&nbsp;&nbsp;UART1_Configuration
<LI><a href="#[52]">&gt;&gt;</a>&nbsp;&nbsp;&nbsp;RTC_Configuration
<LI><a href="#[4a]">&gt;&gt;</a>&nbsp;&nbsp;&nbsp;LPTIM_Configuration
<LI><a href="#[3e]">&gt;&gt;</a>&nbsp;&nbsp;&nbsp;DebugUART_Configuration
<LI><a href="#[39]">&gt;&gt;</a>&nbsp;&nbsp;&nbsp;DebugUART_Close
<LI><a href="#[4e]">&gt;&gt;</a>&nbsp;&nbsp;&nbsp;__NVIC_EnableIRQ
<LI><a href="#[6c]">&gt;&gt;</a>&nbsp;&nbsp;&nbsp;__2printf
</UL>
<BR>[Address Reference Count : 1]<UL><LI> entry9a.o(.ARM.Collect$$$$0000000B)
</UL><P>
<H3>
Local Symbols
</H3>
<P><STRONG><a name="[4e]"></a>__NVIC_EnableIRQ</STRONG> (Thumb, 26 bytes, Stack size 0 bytes, main.o(i.__NVIC_EnableIRQ))
<BR><BR>[Called By]<UL><LI><a href="#[1b]">&gt;&gt;</a>&nbsp;&nbsp;&nbsp;main
<LI><a href="#[62]">&gt;&gt;</a>&nbsp;&nbsp;&nbsp;UART1_Configuration
<LI><a href="#[52]">&gt;&gt;</a>&nbsp;&nbsp;&nbsp;RTC_Configuration
<LI><a href="#[4a]">&gt;&gt;</a>&nbsp;&nbsp;&nbsp;LPTIM_Configuration
</UL>

<P><STRONG><a name="[48]"></a>__NVIC_SetPriority</STRONG> (Thumb, 110 bytes, Stack size 8 bytes, cw32l010_systick.o(i.__NVIC_SetPriority))
<BR><BR>[Stack]<UL><LI>Max Depth = 8<LI>Call Chain = __NVIC_SetPriority
</UL>
<BR>[Called By]<UL><LI><a href="#[46]">&gt;&gt;</a>&nbsp;&nbsp;&nbsp;InitTick
</UL>

<P><STRONG><a name="[6b]"></a>_printf_core</STRONG> (Thumb, 210 bytes, Stack size 40 bytes, printf2.o(i._printf_core), UNUSED)
<BR><BR>[Called By]<UL><LI><a href="#[6a]">&gt;&gt;</a>&nbsp;&nbsp;&nbsp;__0printf$2
</UL>
<P>
<H3>
Undefined Global Symbols
</H3>
<P><STRONG><a name="[23]"></a>__arm_fini_</STRONG> (Unknown, 0 bytes, Stack size 0 bytes, UNDEFINED)
<BR><BR>[Called By]<UL><LI><a href="#[22]">&gt;&gt;</a>&nbsp;&nbsp;&nbsp;__rt_lib_shutdown_fini
</UL>
<HR></body></html>
