


ARM Macro Assembler    Page 1 


    1 00000000         
    2 00000000         ;/******************************************************
                       ***********************/
    3 00000000         ;/*  Startup for ARM                                    
                                             */
    4 00000000         ;/*  Version     V1.0                                   
                                             */
    5 00000000         ;/*  Date        2024-02-26                             
                                             */
    6 00000000         ;/*  Target-mcu  {MCU_PN_H}                             
                                             */
    7 00000000         ;/******************************************************
                       ***********************/
    8 00000000         
    9 00000000         ; Stack Configuration
   10 00000000         ; Stack Size (in Bytes) <0x0-0xFFFFFFFF:8>
   11 00000000         
   12 00000000 00000200 
                       Stack_Size
                               EQU              0x00000200
   13 00000000         
   14 00000000                 AREA             STACK, NOINIT, READWRITE, ALIGN
=3
   15 00000000         Stack_Mem
                               SPACE            Stack_Size
   16 00000200         __initial_sp
   17 00000200         
   18 00000200         
   19 00000200         ; Heap Configuration
   20 00000200         ;  Heap Size (in Bytes) <0x0-0xFFFFFFFF:8>
   21 00000200         
   22 00000200 00000200 
                       Heap_Size
                               EQU              0x00000200
   23 00000200         
   24 00000200                 AREA             HEAP, NOINIT, READWRITE, ALIGN=
3
   25 00000000         __heap_base
   26 00000000         Heap_Mem
                               SPACE            Heap_Size
   27 00000200         __heap_limit
   28 00000200         
   29 00000200         
   30 00000200                 PRESERVE8
   31 00000200                 THUMB
   32 00000200         
   33 00000200         
   34 00000200         ; Vector Table Mapped to Address 0 at Reset
   35 00000200         
   36 00000200                 AREA             RESET, DATA, READONLY
   37 00000000                 EXPORT           __Vectors
   38 00000000                 EXPORT           __Vectors_End
   39 00000000                 EXPORT           __Vectors_Size
   40 00000000         
   41 00000000         __Vectors
   42 00000000 00000000        DCD              __initial_sp ; Top of Stack
   43 00000004 00000000        DCD              Reset_Handler ;< -15 Reset Vect
                                                            or, invoked on Powe
                                                            r up and warm reset



ARM Macro Assembler    Page 2 


                                                            
   44 00000008 00000000        DCD              NMI_Handler ;< -14 Non maskable
                                                             Interrupt, cannot 
                                                            be stopped or preem
                                                            pted
   45 0000000C 00000000        DCD              HardFault_Handler ;< -13 Hard F
                                                            ault, all classes o
                                                            f Fault
   46 00000010 00000000        DCD              0           ;< -12 Reserved
   47 00000014 00000000        DCD              0           ;< -11 Reserved
   48 00000018 00000000        DCD              0           ;< -10 Reserved
   49 0000001C 00000000        DCD              0           ;< -9 Reserved
   50 00000020 00000000        DCD              0           ;< -8 Reserved
   51 00000024 00000000        DCD              0           ;< -7 Reserved
   52 00000028 00000000        DCD              0           ;< -6 Reserved
   53 0000002C 00000000        DCD              SVC_Handler ;< -5 System Servic
                                                            e Call via SVC inst
                                                            ruction
   54 00000030 00000000        DCD              0           ;< -4 Reserved
   55 00000034 00000000        DCD              0           ;< -3 Reserved
   56 00000038 00000000        DCD              PendSV_Handler ;< -2 Pendable r
                                                            equest for system s
                                                            ervice
   57 0000003C 00000000        DCD              SysTick_Handler ;< -1 System Ti
                                                            ck Timer
   58 00000040         
   59 00000040 00000000        DCD              WDT_IRQHandler ;< 0 Watch Dog T
                                                            imer Interrupt Hand
                                                            ler
   60 00000044 00000000        DCD              LVD_IRQHandler ;< 1 Low Voltage
                                                             Detect Interrupt H
                                                            andler
   61 00000048 00000000        DCD              RTC_IRQHandler ;< 2 RTC Interru
                                                            pt Handler
   62 0000004C 00000000        DCD              FLASHRAM_IRQHandler ;< 3 Flash/
                                                            RAM Interrupt Handl
                                                            er
   63 00000050 00000000        DCD              SYSCTRL_IRQHandler ;< 4 SysCtrl
                                                             Interupt Handler
   64 00000054 00000000        DCD              GPIOA_IRQHandler ;< 5 GPIOA Int
                                                            errupt Handler
   65 00000058 00000000        DCD              GPIOB_IRQHandler ;< 6 GPIOB Int
                                                            errupt Handler
   66 0000005C 00000000        DCD              0           ;< 7 Reserved
   67 00000060 00000000        DCD              0           ;< 8 Reserved
   68 00000064 00000000        DCD              0           ;< 9 Reserved
   69 00000068 00000000        DCD              0           ;< 10 Reserved
   70 0000006C 00000000        DCD              0           ;< 11 Reserved
   71 00000070 00000000        DCD              ADC_IRQHandler ;< 12 ADC Interr
                                                            upt Handler
   72 00000074 00000000        DCD              ATIM_IRQHandler ;< 13 Advanced 
                                                            Timer Interrupt Han
                                                            dler
   73 00000078 00000000        DCD              VC1_IRQHandler ;< 14 Voltage Co
                                                            mparator 1 Interrup
                                                            t Handler
   74 0000007C 00000000        DCD              VC2_IRQHandler ;< 15 Voltage Co
                                                            mparator 2 Interrup
                                                            t Handler



ARM Macro Assembler    Page 3 


   75 00000080 00000000        DCD              GTIM1_IRQHandler ;< 16 General 
                                                            Timer1 Interrupt Ha
                                                            ndler
   76 00000084 00000000        DCD              0           ;< 17 Reserved
   77 00000088 00000000        DCD              0           ;< 18 Reserved
   78 0000008C 00000000        DCD              LPTIM_IRQHandler ;< 19 LPTIM In
                                                            terrupt Handle
   79 00000090 00000000        DCD              BTIM1_IRQHandler ;< 20 BTIM1 In
                                                            terrupt Handler
   80 00000094 00000000        DCD              BTIM2_IRQHandler ;< 21 BTIM2 In
                                                            terrupt Handler
   81 00000098 00000000        DCD              BTIM3_IRQHandler ;< 22 BTIM3 In
                                                            terrupt Handler
   82 0000009C 00000000        DCD              I2C1_IRQHandler ;< 23 I2C1 Inte
                                                            rrupt Handler
   83 000000A0 00000000        DCD              0           ;< 24 Reserved
   84 000000A4 00000000        DCD              SPI1_IRQHandler ;< 25 SPI1 Inte
                                                            rrupt Handler
   85 000000A8 00000000        DCD              0           ;< 26 Reserved
   86 000000AC 00000000        DCD              UART1_IRQHandler ;< 27 UART1 In
                                                            terrupt Handler
   87 000000B0 00000000        DCD              UART2_IRQHandler ;< 28 UART2 In
                                                            terrupt Handler
   88 000000B4 00000000        DCD              0           ;< 29 Reserved
   89 000000B8 00000000        DCD              0           ;< 30 Reserved
   90 000000BC 00000000        DCD              CLKFAULT_IRQHandler ;< 31 CLKFA
                                                            ULT Interrupt Handl
                                                            er
   91 000000C0         
   92 000000C0         
   93 000000C0         
   94 000000C0         __Vectors_End
   95 000000C0         
   96 000000C0 000000C0 
                       __Vectors_Size
                               EQU              __Vectors_End - __Vectors
   97 000000C0         
   98 000000C0                 AREA             |.text|, CODE, READONLY
   99 00000000         
  100 00000000         
  101 00000000         ; Reset Handler
  102 00000000         
  103 00000000         Reset_Handler
                               PROC
  104 00000000                 EXPORT           Reset_Handler             [WEAK
]
  105 00000000                 IMPORT           SystemInit
  106 00000000                 IMPORT           __main
  107 00000000         
  108 00000000 4906            LDR              R1, =0x0
  109 00000002 6808            LDR              R0, [R1]
  110 00000004 4685            MOV              SP, R0
  111 00000006         
  112 00000006 4806            LDR              R0, =SystemInit
  113 00000008 4780            BLX              R0
  114 0000000A 4806            LDR              R0, =__main
  115 0000000C 4700            BX               R0
  116 0000000E                 ENDP
  117 0000000E         



ARM Macro Assembler    Page 4 


  118 0000000E         
  119 0000000E         ; Dummy Exception Handlers (infinite loops which can be 
                       modified)
  120 0000000E         
  121 0000000E         NMI_Handler
                               PROC
  122 0000000E                 EXPORT           NMI_Handler               [WEAK
]
  123 0000000E E7FE            B                .
  124 00000010                 ENDP
  125 00000010         
  126 00000010         
  128 00000010         HardFault_Handler
                               PROC
  129 00000010                 EXPORT           HardFault_Handler         [WEAK
]
  130 00000010 E7FE            B                .
  131 00000012                 ENDP
  132 00000012         SVC_Handler
                               PROC
  133 00000012                 EXPORT           SVC_Handler               [WEAK
]
  134 00000012 E7FE            B                .
  135 00000014                 ENDP
  136 00000014         PendSV_Handler
                               PROC
  137 00000014                 EXPORT           PendSV_Handler            [WEAK
]
  138 00000014 E7FE            B                .
  139 00000016                 ENDP
  140 00000016         SysTick_Handler
                               PROC
  141 00000016                 EXPORT           SysTick_Handler           [WEAK
]
  142 00000016 E7FE            B                .
  143 00000018                 ENDP
  144 00000018         
  145 00000018         Default_Handler
                               PROC
  146 00000018                 EXPORT           WDT_IRQHandler           [WEAK]
  147 00000018                 EXPORT           LVD_IRQHandler           [WEAK]
  148 00000018                 EXPORT           RTC_IRQHandler           [WEAK]
  149 00000018                 EXPORT           FLASHRAM_IRQHandler      [WEAK]
  150 00000018                 EXPORT           SYSCTRL_IRQHandler       [WEAK]
  151 00000018                 EXPORT           GPIOA_IRQHandler         [WEAK]
  152 00000018                 EXPORT           GPIOB_IRQHandler         [WEAK]
  153 00000018                 EXPORT           ADC_IRQHandler           [WEAK]
  154 00000018                 EXPORT           ATIM_IRQHandler          [WEAK]
  155 00000018                 EXPORT           VC1_IRQHandler           [WEAK]
  156 00000018                 EXPORT           VC2_IRQHandler           [WEAK]
  157 00000018                 EXPORT           GTIM1_IRQHandler         [WEAK]
  158 00000018                 EXPORT           LPTIM_IRQHandler         [WEAK]
  159 00000018                 EXPORT           BTIM1_IRQHandler         [WEAK]
  160 00000018                 EXPORT           BTIM2_IRQHandler         [WEAK]
  161 00000018                 EXPORT           BTIM3_IRQHandler         [WEAK]
  162 00000018                 EXPORT           I2C1_IRQHandler          [WEAK]
  163 00000018                 EXPORT           SPI1_IRQHandler          [WEAK]
  164 00000018                 EXPORT           UART1_IRQHandler         [WEAK]
  165 00000018                 EXPORT           UART2_IRQHandler         [WEAK]



ARM Macro Assembler    Page 5 


  166 00000018                 EXPORT           CLKFAULT_IRQHandler      [WEAK]
  167 00000018         
  168 00000018         WDT_IRQHandler
  169 00000018         LVD_IRQHandler
  170 00000018         RTC_IRQHandler
  171 00000018         FLASHRAM_IRQHandler
  172 00000018         SYSCTRL_IRQHandler
  173 00000018         GPIOA_IRQHandler
  174 00000018         GPIOB_IRQHandler
  175 00000018         ADC_IRQHandler
  176 00000018         ATIM_IRQHandler
  177 00000018         VC1_IRQHandler
  178 00000018         VC2_IRQHandler
  179 00000018         GTIM1_IRQHandler
  180 00000018         LPTIM_IRQHandler
  181 00000018         BTIM1_IRQHandler
  182 00000018         BTIM2_IRQHandler
  183 00000018         BTIM3_IRQHandler
  184 00000018         I2C1_IRQHandler
  185 00000018         SPI1_IRQHandler
  186 00000018         UART1_IRQHandler
  187 00000018         UART2_IRQHandler
  188 00000018         CLKFAULT_IRQHandler
  189 00000018         
  190 00000018         
  191 00000018 E7FE            B                .
  192 0000001A         
  193 0000001A                 ENDP
  194 0000001A         
  195 0000001A         
  196 0000001A 00 00           ALIGN
  197 0000001C         
  198 0000001C         
  199 0000001C         ; User Initial Stack & Heap
  200 0000001C         
  201 0000001C                 IF               :DEF:__MICROLIB
  202 0000001C         
  203 0000001C                 EXPORT           __initial_sp
  204 0000001C                 EXPORT           __heap_base
  205 0000001C                 EXPORT           __heap_limit
  206 0000001C         
  207 0000001C                 ELSE
  221                          ENDIF
  222 0000001C         
  223 0000001C         
  224 0000001C                 END
              00000000 
              00000000 
              00000000 
Command Line: --debug --diag_suppress=9931 --cpu=Cortex-M0+ --apcs=interwork --
depend=.\output\exe\startup_cw32l010.d -o.\output\exe\startup_cw32l010.o -I.\RT
E\_Project -IC:\Users\kason\AppData\Local\Arm\Packs\ARM\CMSIS\5.9.0\CMSIS\Core\
Include -IC:\Users\kason\AppData\Local\Arm\Packs\WHXY\CW32L010_DFP\1.0.2\Device
\Include --predefine="__MICROLIB SETA 1" --predefine="__UVISION_VERSION SETA 53
8" --predefine="_RTE_ SETA 1" --predefine="_RTE_ SETA 1" --list=.\output\list\s
tartup_cw32l010.lst ..\..\..\..\IDEsupport\MDK\startup_cw32l010.s
