<html>
<body>
<pre>
<h1>µVision Build Log</h1>
<h2>Tool Versions:</h2>
IDE-Version: ¦ÌVision V5.38.0.0
Copyright (C) 2022 ARM Ltd and ARM Germany GmbH. All rights reserved.
License Information: k k, k, LIC=GMZI6-D57IM-RA3DM-XXGBB-4IUF7-0F5R0
 
Tool Versions:
Toolchain:       MDK-ARM Plus  Version: 5.38.0.0
Toolchain Path:  C:\Keil_v5\ARM\ARM_Compiler_5.06u7\Bin
C Compiler:      Armcc.exe V5.06 update 7 (build 960)
Assembler:       Armasm.exe V5.06 update 7 (build 960)
Linker/Locator:  ArmLink.exe V5.06 update 7 (build 960)
Library Manager: ArmAr.exe V5.06 update 7 (build 960)
Hex Converter:   FromElf.exe V5.06 update 7 (build 960)
CPU DLL:         SARMCM3.DLL V5.38.0.0
Dialog DLL:      DARMCM1.DLL V1.19.6.0
Target DLL:      CMSIS_AGDI.dll V1.33.15.0
Dialog DLL:      TARMCM1.DLL V1.14.6.0
 
<h2>Project:</h2>
D:\mypro\beiwo2\embedded software\CW32L010_StandardPeripheralLib_V1.0.5\Examples\sensoraiwrite\gpio_input_output\MDK\Project.uvprojx
Project File Date:  05/17/2026

<h2>Output:</h2>
*** Using Compiler 'V5.06 update 7 (build 960)', folder: 'C:\Keil_v5\ARM\ARM_Compiler_5.06u7\Bin'
Rebuild target 'Project'
assembling startup_cw32l010.s...
compiling i2c_driver.c...
compiling rf_twi_driver.c...
compiling power_manager.c...
..\output\modules\2.5_power_manager\power_manager.c(530): warning:  #1207-D: unknown attribute "interrupt"
  void RTC_IRQHandler(void) __attribute__((interrupt("IRQ")));
..\output\modules\2.5_power_manager\power_manager.c(540): warning:  #1207-D: unknown attribute "interrupt"
  void LVD_IRQHandler(void) __attribute__((interrupt("IRQ")));
..\output\modules\2.5_power_manager\power_manager.c: 2 warnings, 0 errors
compiling cw32l010_sysctrl.c...
compiling packet_builder.c...
compiling cw32l010_gpio.c...
compiling schedule.c...
..\output\modules\2.8_schedule\schedule.c(499): warning:  #870-D: invalid multibyte character sequence
          LOG_ERROR("schedule: init failed err=%d â€? halting", (int)ret);
..\output\modules\2.8_schedule\schedule.c(179): warning:  #177-D: function "sch_delay_us"  was declared but never referenced
  static void sch_delay_us(uint32_t us)
..\output\modules\2.8_schedule\schedule.c: 2 warnings, 0 errors
compiling system_cw32l010.c...
compiling sensor_mgr.c...
..\output\modules\2.7_sensor_mgr\sensor_mgr.c(75): warning:  #186-D: pointless comparison of unsigned integer with zero
      if ((data->humidity_x10 < SENSOR_MGR_HUM_MIN_X10) ||
..\output\modules\2.7_sensor_mgr\sensor_mgr.c: 1 warning, 0 errors
compiling cw32l010_flash.c...
compiling aht10_driver.c...
..\output\modules\2.2_aht10_driver\aht10_driver.c(145): warning:  #177-D: variable "err"  was declared but never referenced
      aht10_error_t err;
..\output\modules\2.2_aht10_driver\aht10_driver.c: 1 warning, 0 errors
compiling uart_console.c...
compiling cw32l010_rtc.c...
compiling cw32l010_uart.c...
compiling cw32l010_lptim.c...
compiling cw32l010_adc.c...
compiling cw32l010_atim.c...
compiling cw32l010_digitalsign.c...
compiling cw32l010_btim.c...
compiling cw32l010_crc.c...
compiling cw32l010_gtim.c...
compiling cw32l010_debug.c...
compiling cw32l010_lvd.c...
compiling convert.c...
compiling delay.c...
compiling cw32l010_iwdt.c...
compiling cw32l010_systick.c...
compiling cw32l010_pwr.c...
compiling cw32l010_spi.c...
compiling cw32l010_i2c.c...
compiling cw32l010_ram.c...
compiling cw32l010_vc.c...
compiling i2c_eeprom.c...
linking...
Program Size: Code=16068 RO-data=288 RW-data=52 ZI-data=612  
FromELF: creating hex file...
".\output\exe\Project.axf" - 0 Error(s), 6 Warning(s).

<h2>Software Packages used:</h2>

Package Vendor: ARM
                http://www.keil.com/pack/ARM.CMSIS.5.9.0.pack
                ARM.CMSIS.5.9.0
                CMSIS (Common Microcontroller Software Interface Standard)
   * Component: CORE Version: 5.6.0

Package Vendor: WHXY
                
                WHXY.CW32L010_DFP.1.0.2
                CW32 ARM Cortex-M0+ Device Family Pack

<h2>Collection of Component include folders:</h2>
  ./RTE/_Project
  C:/Users/kason/AppData/Local/Arm/Packs/ARM/CMSIS/5.9.0/CMSIS/Core/Include
  C:/Users/kason/AppData/Local/Arm/Packs/WHXY/CW32L010_DFP/1.0.2/Device/Include

<h2>Collection of Component Files used:</h2>

   * Component: ARM::CMSIS:CORE:5.6.0
Build Time Elapsed:  00:00:03
</pre>
</body>
</html>
