<html>
<body>
<pre>
<h1>µVision Build Log</h1>
<h2>Tool Versions:</h2>
IDE-Version: ¦ÌVision V5.38.0.0
Copyright (C) 2022 ARM Ltd and ARM Germany GmbH. All rights reserved.
License Information: k k, k, LIC=GMZI6-D57IM-RA3DM-XXGBB-4IUF7-0F5R0
 
Tool Versions:
Toolchain:       MDK-ARM Plus  Version: 5.38.0.0
Toolchain Path:  C:\Keil_v5\ARM\ARM_Compiler_5.06u7\Bin
C Compiler:      Armcc.exe V5.06 update 7 (build 960)
Assembler:       Armasm.exe V5.06 update 7 (build 960)
Linker/Locator:  ArmLink.exe V5.06 update 7 (build 960)
Library Manager: ArmAr.exe V5.06 update 7 (build 960)
Hex Converter:   FromElf.exe V5.06 update 7 (build 960)
CPU DLL:         SARMCM3.DLL V5.38.0.0
Dialog DLL:      DARMCM1.DLL V1.19.6.0
Target DLL:      CMSIS_AGDI.dll V1.33.15.0
Dialog DLL:      TARMCM1.DLL V1.14.6.0
 
<h2>Project:</h2>
D:\mypro\beiwo2\embedded software\CW32L010_StandardPeripheralLib_V1.0.5\Examples\yinshuiji\gpio_input_output\MDK\Project.uvprojx
Project File Date:  05/01/2026

<h2>Output:</h2>
*** Using Compiler 'V5.06 update 7 (build 960)', folder: 'C:\Keil_v5\ARM\ARM_Compiler_5.06u7\Bin'
Build target 'Project'
compiling main.c...
..\USER\src\../inc/seg_display.h(18): warning:  #1-D: last line of file ends without a newline
  #endif
..\USER\src\main.c(352): warning:  #177-D: variable "i"  was declared but never referenced
  	uint8_t i = 0;
..\USER\src\main.c(353): warning:  #177-D: variable "k"  was declared but never referenced
  	uint32_t k = 0;
..\USER\src\main.c(582): warning:  #177-D: variable "left_count"  was declared but never referenced
  		uint8_t left_count = 0;
..\USER\src\main.c(638): warning:  #177-D: variable "left_count"  was declared but never referenced
  		uint8_t left_count = 0;
..\USER\src\main.c: 5 warnings, 0 errors
linking...
Program Size: Code=5076 RO-data=292 RW-data=56 ZI-data=768  
FromELF: creating hex file...
".\output\exe\Project.axf" - 0 Error(s), 5 Warning(s).

<h2>Software Packages used:</h2>

Package Vendor: ARM
                http://www.keil.com/pack/ARM.CMSIS.5.9.0.pack
                ARM.CMSIS.5.9.0
                CMSIS (Common Microcontroller Software Interface Standard)
   * Component: CORE Version: 5.6.0

Package Vendor: WHXY
                
                WHXY.CW32L010_DFP.1.0.2
                CW32 ARM Cortex-M0+ Device Family Pack

<h2>Collection of Component include folders:</h2>
  ./RTE/_Project
  C:/Users/kason/AppData/Local/Arm/Packs/ARM/CMSIS/5.9.0/CMSIS/Core/Include
  C:/Users/kason/AppData/Local/Arm/Packs/WHXY/CW32L010_DFP/1.0.2/Device/Include

<h2>Collection of Component Files used:</h2>

   * Component: ARM::CMSIS:CORE:5.6.0
Build Time Elapsed:  00:00:01
</pre>
</body>
</html>
